172.71.241.165 - - [27/Feb/2026:18:22:01 +0000] "GET /server-status HTTP/1.1" 403 3840 "-" "Mozilla/5.0 (l9scan/2.0.133323e2538313e27363e2237313; +https://leakix.net)"
172.71.241.165 - - [27/Feb/2026:18:22:03 +0000] "GET /about HTTP/1.1" 301 707 "-" "Mozilla/5.0 (l9scan/2.0.331323e23343e21323e2430313; +https://leakix.net)"
172.68.229.66 - - [27/Feb/2026:18:22:03 +0000] "GET /about HTTP/1.1" 301 607 "-" "Mozilla/5.0 (l9scan/2.0.133323e2538313e27363e2237313; +https://leakix.net)"
172.69.224.53 - - [27/Feb/2026:18:22:03 +0000] "GET /about HTTP/1.1" 301 4020 "-" "Mozilla/5.0 (l9scan/2.0.133323e2538313e27363e2237313; +https://leakix.net)"
172.71.178.73 - - [27/Feb/2026:18:22:03 +0000] "GET /about HTTP/1.1" 301 608 "-" "Mozilla/5.0 (l9scan/2.0.331323e23343e21323e2430313; +https://leakix.net)"
172.71.241.165 - - [27/Feb/2026:18:22:04 +0000] "GET /login.action HTTP/1.1" 301 721 "-" "Mozilla/5.0 (l9scan/2.0.331323e23343e21323e2430313; +https://leakix.net)"
172.69.43.240 - - [27/Feb/2026:18:22:04 +0000] "GET /login.action HTTP/1.1" 301 621 "-" "Mozilla/5.0 (l9scan/2.0.133323e2538313e27363e2237313; +https://leakix.net)"
172.68.229.66 - - [27/Feb/2026:18:22:04 +0000] "GET /login.action HTTP/1.1" 301 621 "-" "Mozilla/5.0 (l9scan/2.0.331323e23343e21323e2430313; +https://leakix.net)"
172.69.224.53 - - [27/Feb/2026:18:22:04 +0000] "GET /login.action HTTP/1.1" 301 721 "-" "Mozilla/5.0 (l9scan/2.0.133323e2538313e27363e2237313; +https://leakix.net)"
172.71.178.72 - - [27/Feb/2026:18:22:05 +0000] "GET /v2/_catalog HTTP/1.1" 301 719 "-" "Mozilla/5.0 (l9scan/2.0.331323e23343e21323e2430313; +https://leakix.net)"
172.68.229.66 - - [27/Feb/2026:18:22:05 +0000] "GET /v2/_catalog HTTP/1.1" 301 619 "-" "Mozilla/5.0 (l9scan/2.0.133323e2538313e27363e2237313; +https://leakix.net)"
172.64.192.52 - - [27/Feb/2026:18:22:05 +0000] "GET /.DS_Store HTTP/1.1" 301 616 "-" "Mozilla/5.0 (l9scan/2.0.133323e2538313e27363e2237313; +https://leakix.net)"
172.68.229.67 - - [27/Feb/2026:18:22:05 +0000] "GET /.DS_Store HTTP/1.1" 301 715 "-" "Mozilla/5.0 (l9scan/2.0.331323e23343e21323e2430313; +https://leakix.net)"
162.158.216.53 - - [27/Feb/2026:18:22:05 +0000] "GET /v2/_catalog HTTP/1.1" 301 719 "-" "Mozilla/5.0 (l9scan/2.0.133323e2538313e27363e2237313; +https://leakix.net)"
172.68.229.66 - - [27/Feb/2026:18:22:05 +0000] "GET /v2/_catalog HTTP/1.1" 301 619 "-" "Mozilla/5.0 (l9scan/2.0.331323e23343e21323e2430313; +https://leakix.net)"
172.68.186.113 - - [27/Feb/2026:18:22:05 +0000] "GET /.DS_Store HTTP/1.1" 301 4028 "-" "Mozilla/5.0 (l9scan/2.0.133323e2538313e27363e2237313; +https://leakix.net)"
172.71.178.73 - - [27/Feb/2026:18:22:05 +0000] "GET /.DS_Store HTTP/1.1" 301 615 "-" "Mozilla/5.0 (l9scan/2.0.331323e23343e21323e2430313; +https://leakix.net)"
172.70.162.151 - - [27/Feb/2026:18:22:06 +0000] "GET /.env HTTP/1.1" 301 4018 "-" "Mozilla/5.0 (l9scan/2.0.331323e23343e21323e2430313; +https://leakix.net)"
172.68.229.66 - - [27/Feb/2026:18:22:06 +0000] "GET /.env HTTP/1.1" 301 605 "-" "Mozilla/5.0 (l9scan/2.0.133323e2538313e27363e2237313; +https://leakix.net)"
172.68.229.67 - - [27/Feb/2026:18:22:06 +0000] "GET /.env HTTP/1.1" 301 705 "-" "Mozilla/5.0 (l9scan/2.0.133323e2538313e27363e2237313; +https://leakix.net)"
172.69.43.240 - - [27/Feb/2026:18:22:06 +0000] "GET /.env HTTP/1.1" 301 605 "-" "Mozilla/5.0 (l9scan/2.0.331323e23343e21323e2430313; +https://leakix.net)"
172.69.224.53 - - [27/Feb/2026:18:22:08 +0000] "GET /ecp/Current/exporttool/microsoft.exchange.ediscovery.exporttool.application HTTP/1.1" 301 847 "-" "Mozilla/5.0 (l9scan/2.0.331323e23343e21323e2430313; +https://leakix.net)"
141.101.99.216 - - [27/Feb/2026:18:22:08 +0000] "GET /ecp/Current/exporttool/microsoft.exchange.ediscovery.exporttool.application HTTP/1.1" 301 748 "-" "Mozilla/5.0 (l9scan/2.0.133323e2538313e27363e2237313; +https://leakix.net)"
162.158.216.53 - - [27/Feb/2026:18:22:08 +0000] "GET /ecp/Current/exporttool/microsoft.exchange.ediscovery.exporttool.application HTTP/1.1" 301 847 "-" "Mozilla/5.0 (l9scan/2.0.133323e2538313e27363e2237313; +https://leakix.net)"
172.69.224.53 - - [27/Feb/2026:18:22:08 +0000] "GET /ecp/Current/exporttool/microsoft.exchange.ediscovery.exporttool.application HTTP/1.1" 301 748 "-" "Mozilla/5.0 (l9scan/2.0.331323e23343e21323e2430313; +https://leakix.net)"
172.64.192.52 - - [27/Feb/2026:18:22:10 +0000] "GET /.git/config HTTP/1.1" 301 4032 "-" "Mozilla/5.0 (l9scan/2.0.331323e23343e21323e2430313; +https://leakix.net)"
172.69.224.53 - - [27/Feb/2026:18:22:10 +0000] "GET /.git/config HTTP/1.1" 301 619 "-" "Mozilla/5.0 (l9scan/2.0.133323e2538313e27363e2237313; +https://leakix.net)"
172.64.192.52 - - [27/Feb/2026:18:22:10 +0000] "GET /.git/config HTTP/1.1" 301 719 "-" "Mozilla/5.0 (l9scan/2.0.133323e2538313e27363e2237313; +https://leakix.net)"
172.68.186.113 - - [27/Feb/2026:18:22:10 +0000] "GET /.git/config HTTP/1.1" 301 620 "-" "Mozilla/5.0 (l9scan/2.0.331323e23343e21323e2430313; +https://leakix.net)"
172.64.192.52 - - [27/Feb/2026:18:22:11 +0000] "POST /graphql HTTP/1.1" 301 711 "-" "Mozilla/5.0 (l9scan/2.0.331323e23343e21323e2430313; +https://leakix.net)"
162.158.216.53 - - [27/Feb/2026:18:22:11 +0000] "POST /graphql HTTP/1.1" 301 612 "-" "Mozilla/5.0 (l9scan/2.0.133323e2538313e27363e2237313; +https://leakix.net)"
172.71.178.72 - - [27/Feb/2026:18:22:11 +0000] "POST /api HTTP/1.1" 301 604 "-" "Mozilla/5.0 (l9scan/2.0.133323e2538313e27363e2237313; +https://leakix.net)"
172.68.229.67 - - [27/Feb/2026:18:22:11 +0000] "POST /api HTTP/1.1" 301 703 "-" "Mozilla/5.0 (l9scan/2.0.331323e23343e21323e2430313; +https://leakix.net)"
172.69.224.53 - - [27/Feb/2026:18:22:11 +0000] "POST /api/graphql HTTP/1.1" 301 619 "-" "Mozilla/5.0 (l9scan/2.0.133323e2538313e27363e2237313; +https://leakix.net)"
172.71.241.165 - - [27/Feb/2026:18:22:11 +0000] "POST /api/graphql HTTP/1.1" 301 4032 "-" "Mozilla/5.0 (l9scan/2.0.331323e23343e21323e2430313; +https://leakix.net)"
162.158.216.53 - - [27/Feb/2026:18:22:11 +0000] "POST /graphql/api HTTP/1.1" 301 619 "-" "Mozilla/5.0 (l9scan/2.0.133323e2538313e27363e2237313; +https://leakix.net)"
172.64.192.52 - - [27/Feb/2026:18:22:11 +0000] "POST /graphql/api HTTP/1.1" 301 719 "-" "Mozilla/5.0 (l9scan/2.0.331323e23343e21323e2430313; +https://leakix.net)"
172.70.162.151 - - [27/Feb/2026:18:22:11 +0000] "POST /graphql HTTP/1.1" 301 4024 "-" "Mozilla/5.0 (l9scan/2.0.133323e2538313e27363e2237313; +https://leakix.net)"
141.101.99.216 - - [27/Feb/2026:18:22:11 +0000] "POST /api/gql HTTP/1.1" 301 611 "-" "Mozilla/5.0 (l9scan/2.0.133323e2538313e27363e2237313; +https://leakix.net)"
172.70.162.151 - - [27/Feb/2026:18:22:11 +0000] "POST /api/gql HTTP/1.1" 301 711 "-" "Mozilla/5.0 (l9scan/2.0.331323e23343e21323e2430313; +https://leakix.net)"
172.71.178.73 - - [27/Feb/2026:18:22:11 +0000] "POST /api HTTP/1.1" 301 4016 "-" "Mozilla/5.0 (l9scan/2.0.133323e2538313e27363e2237313; +https://leakix.net)"
172.64.192.52 - - [27/Feb/2026:18:22:11 +0000] "POST /graphql HTTP/1.1" 301 612 "-" "Mozilla/5.0 (l9scan/2.0.331323e23343e21323e2430313; +https://leakix.net)"
141.101.99.215 - - [27/Feb/2026:18:22:11 +0000] "POST /api/graphql HTTP/1.1" 301 4032 "-" "Mozilla/5.0 (l9scan/2.0.133323e2538313e27363e2237313; +https://leakix.net)"
162.158.216.53 - - [27/Feb/2026:18:22:11 +0000] "POST /api HTTP/1.1" 301 603 "-" "Mozilla/5.0 (l9scan/2.0.331323e23343e21323e2430313; +https://leakix.net)"
172.71.241.165 - - [27/Feb/2026:18:22:11 +0000] "POST /graphql/api HTTP/1.1" 301 719 "-" "Mozilla/5.0 (l9scan/2.0.133323e2538313e27363e2237313; +https://leakix.net)"
172.69.43.240 - - [27/Feb/2026:18:22:11 +0000] "POST /api/graphql HTTP/1.1" 301 620 "-" "Mozilla/5.0 (l9scan/2.0.331323e23343e21323e2430313; +https://leakix.net)"
172.71.241.165 - - [27/Feb/2026:18:22:11 +0000] "POST /api/gql HTTP/1.1" 301 711 "-" "Mozilla/5.0 (l9scan/2.0.133323e2538313e27363e2237313; +https://leakix.net)"
172.64.192.52 - - [27/Feb/2026:18:22:12 +0000] "POST /graphql/api HTTP/1.1" 301 619 "-" "Mozilla/5.0 (l9scan/2.0.331323e23343e21323e2430313; +https://leakix.net)"
172.69.43.240 - - [27/Feb/2026:18:22:12 +0000] "POST /api/gql HTTP/1.1" 301 611 "-" "Mozilla/5.0 (l9scan/2.0.331323e23343e21323e2430313; +https://leakix.net)"
172.68.186.113 - - [27/Feb/2026:18:22:12 +0000] "GET /s/331323e23343e21323e2430313/_/;/META-INF/maven/com.atlassian.jira/jira-webapp-dist/pom.properties HTTP/1.1" 301 4206 "-" "Mozilla/5.0 (l9scan/2.0.331323e23343e21323e2430313; +https://leakix.net)"
172.70.162.151 - - [27/Feb/2026:18:22:12 +0000] "GET /s/133323e2538313e27363e2237313/_/;/META-INF/maven/com.atlassian.jira/jira-webapp-dist/pom.properties HTTP/1.1" 301 798 "-" "Mozilla/5.0 (l9scan/2.0.133323e2538313e27363e2237313; +https://leakix.net)"
172.71.241.165 - - [27/Feb/2026:18:22:12 +0000] "GET /s/133323e2538313e27363e2237313/_/;/META-INF/maven/com.atlassian.jira/jira-webapp-dist/pom.properties HTTP/1.1" 301 897 "-" "Mozilla/5.0 (l9scan/2.0.133323e2538313e27363e2237313; +https://leakix.net)"
172.68.186.113 - - [27/Feb/2026:18:22:12 +0000] "GET /s/331323e23343e21323e2430313/_/;/META-INF/maven/com.atlassian.jira/jira-webapp-dist/pom.properties HTTP/1.1" 301 793 "-" "Mozilla/5.0 (l9scan/2.0.331323e23343e21323e2430313; +https://leakix.net)"
162.158.216.53 - - [27/Feb/2026:18:22:13 +0000] "GET /config.json HTTP/1.1" 301 719 "-" "Mozilla/5.0 (l9scan/2.0.331323e23343e21323e2430313; +https://leakix.net)"
172.68.229.67 - - [27/Feb/2026:18:22:13 +0000] "GET /config.json HTTP/1.1" 301 620 "-" "Mozilla/5.0 (l9scan/2.0.133323e2538313e27363e2237313; +https://leakix.net)"
172.64.192.52 - - [27/Feb/2026:18:22:13 +0000] "GET /config.json HTTP/1.1" 301 719 "-" "Mozilla/5.0 (l9scan/2.0.133323e2538313e27363e2237313; +https://leakix.net)"
162.158.216.53 - - [27/Feb/2026:18:22:13 +0000] "GET /config.json HTTP/1.1" 301 619 "-" "Mozilla/5.0 (l9scan/2.0.331323e23343e21323e2430313; +https://leakix.net)"
172.69.224.53 - - [27/Feb/2026:18:22:15 +0000] "GET /telescope/requests HTTP/1.1" 301 4046 "-" "Mozilla/5.0 (l9scan/2.0.331323e23343e21323e2430313; +https://leakix.net)"
141.101.99.216 - - [27/Feb/2026:18:22:15 +0000] "GET /telescope/requests HTTP/1.1" 301 633 "-" "Mozilla/5.0 (l9scan/2.0.133323e2538313e27363e2237313; +https://leakix.net)"
172.69.43.240 - - [27/Feb/2026:18:22:15 +0000] "GET /info.php HTTP/1.1" 301 4026 "-" "Mozilla/5.0 (l9scan/2.0.331323e23343e21323e2430313; +https://leakix.net)"
172.68.186.113 - - [27/Feb/2026:18:22:15 +0000] "GET /info.php HTTP/1.1" 301 613 "-" "Mozilla/5.0 (l9scan/2.0.133323e2538313e27363e2237313; +https://leakix.net)"
172.70.162.151 - - [27/Feb/2026:18:22:15 +0000] "GET /telescope/requests HTTP/1.1" 301 733 "-" "Mozilla/5.0 (l9scan/2.0.133323e2538313e27363e2237313; +https://leakix.net)"
141.101.99.215 - - [27/Feb/2026:18:22:15 +0000] "GET /info.php HTTP/1.1" 301 713 "-" "Mozilla/5.0 (l9scan/2.0.133323e2538313e27363e2237313; +https://leakix.net)"
172.64.192.52 - - [27/Feb/2026:18:22:15 +0000] "GET /telescope/requests HTTP/1.1" 301 633 "-" "Mozilla/5.0 (l9scan/2.0.331323e23343e21323e2430313; +https://leakix.net)"
172.69.224.100 - - [27/Feb/2026:18:22:15 +0000] "GET / HTTP/1.1" 200 18355 "-" "Mozilla/5.0 (Macintosh; Intel Mac OS X 10_15_7) AppleWebKit/537.36 (KHTML, like Gecko) Chrome/116.0.0.0 Safari/537.36"
141.101.99.216 - - [27/Feb/2026:18:22:15 +0000] "GET /info.php HTTP/1.1" 301 613 "-" "Mozilla/5.0 (l9scan/2.0.331323e23343e21323e2430313; +https://leakix.net)"
172.69.224.53 - - [27/Feb/2026:18:22:16 +0000] "GET /.well-known/security.txt HTTP/1.1" 301 745 "-" "Mozilla/5.0 (l9scan/2.0.331323e23343e21323e2430313; +https://leakix.net)"
172.71.178.72 - - [27/Feb/2026:18:22:16 +0000] "GET /.well-known/security.txt HTTP/1.1" 301 646 "-" "Mozilla/5.0 (l9scan/2.0.133323e2538313e27363e2237313; +https://leakix.net)"
172.71.241.165 - - [27/Feb/2026:18:22:16 +0000] "GET /.well-known/security.txt HTTP/1.1" 301 745 "-" "Mozilla/5.0 (l9scan/2.0.133323e2538313e27363e2237313; +https://leakix.net)"
172.70.162.151 - - [27/Feb/2026:18:22:16 +0000] "GET /.well-known/security.txt HTTP/1.1" 301 645 "-" "Mozilla/5.0 (l9scan/2.0.331323e23343e21323e2430313; +https://leakix.net)"
172.64.192.52 - - [27/Feb/2026:18:22:17 +0000] "GET /actuator/env HTTP/1.1" 301 721 "-" "Mozilla/5.0 (l9scan/2.0.331323e23343e21323e2430313; +https://leakix.net)"
162.158.216.53 - - [27/Feb/2026:18:22:17 +0000] "GET /actuator/env HTTP/1.1" 301 621 "-" "Mozilla/5.0 (l9scan/2.0.133323e2538313e27363e2237313; +https://leakix.net)"
141.101.99.215 - - [27/Feb/2026:18:22:17 +0000] "GET /actuator/env HTTP/1.1" 301 721 "-" "Mozilla/5.0 (l9scan/2.0.133323e2538313e27363e2237313; +https://leakix.net)"
172.64.192.52 - - [27/Feb/2026:18:22:17 +0000] "GET /actuator/env HTTP/1.1" 301 621 "-" "Mozilla/5.0 (l9scan/2.0.331323e23343e21323e2430313; +https://leakix.net)"
172.68.229.66 - - [27/Feb/2026:18:22:19 +0000] "GET /swagger-ui.html HTTP/1.1" 301 4040 "-" "Mozilla/5.0 (l9scan/2.0.331323e23343e21323e2430313; +https://leakix.net)"
172.64.192.52 - - [27/Feb/2026:18:22:19 +0000] "GET /swagger-ui.html HTTP/1.1" 301 627 "-" "Mozilla/5.0 (l9scan/2.0.133323e2538313e27363e2237313; +https://leakix.net)"
172.68.186.112 - - [27/Feb/2026:18:22:19 +0000] "GET /swagger-ui.html HTTP/1.1" 301 4040 "-" "Mozilla/5.0 (l9scan/2.0.133323e2538313e27363e2237313; +https://leakix.net)"
172.64.192.52 - - [27/Feb/2026:18:22:19 +0000] "GET /swagger-ui.html HTTP/1.1" 301 627 "-" "Mozilla/5.0 (l9scan/2.0.331323e23343e21323e2430313; +https://leakix.net)"
172.71.241.165 - - [27/Feb/2026:18:22:20 +0000] "GET /swagger/index.html HTTP/1.1" 301 733 "-" "Mozilla/5.0 (l9scan/2.0.331323e23343e21323e2430313; +https://leakix.net)"
172.68.186.113 - - [27/Feb/2026:18:22:20 +0000] "GET /swagger/index.html HTTP/1.1" 301 633 "-" "Mozilla/5.0 (l9scan/2.0.133323e2538313e27363e2237313; +https://leakix.net)"
172.69.43.241 - - [27/Feb/2026:18:22:20 +0000] "GET /swagger/index.html HTTP/1.1" 301 4046 "-" "Mozilla/5.0 (l9scan/2.0.133323e2538313e27363e2237313; +https://leakix.net)"
172.64.192.52 - - [27/Feb/2026:18:22:20 +0000] "GET /swagger/index.html HTTP/1.1" 301 633 "-" "Mozilla/5.0 (l9scan/2.0.331323e23343e21323e2430313; +https://leakix.net)"
172.64.192.52 - - [27/Feb/2026:18:22:21 +0000] "GET /swagger/swagger-ui.html HTTP/1.1" 301 743 "-" "Mozilla/5.0 (l9scan/2.0.331323e23343e21323e2430313; +https://leakix.net)"
172.68.186.113 - - [27/Feb/2026:18:22:21 +0000] "GET /swagger/swagger-ui.html HTTP/1.1" 301 643 "-" "Mozilla/5.0 (l9scan/2.0.133323e2538313e27363e2237313; +https://leakix.net)"
172.69.43.241 - - [27/Feb/2026:18:22:21 +0000] "GET /swagger/swagger-ui.html HTTP/1.1" 301 743 "-" "Mozilla/5.0 (l9scan/2.0.133323e2538313e27363e2237313; +https://leakix.net)"
172.68.229.67 - - [27/Feb/2026:18:22:21 +0000] "GET /swagger/swagger-ui.html HTTP/1.1" 301 644 "-" "Mozilla/5.0 (l9scan/2.0.331323e23343e21323e2430313; +https://leakix.net)"
162.158.216.52 - - [27/Feb/2026:18:22:22 +0000] "GET /webjars/swagger-ui/index.html HTTP/1.1" 301 4068 "-" "Mozilla/5.0 (l9scan/2.0.331323e23343e21323e2430313; +https://leakix.net)"
172.71.178.73 - - [27/Feb/2026:18:22:22 +0000] "GET /webjars/swagger-ui/index.html HTTP/1.1" 301 656 "-" "Mozilla/5.0 (l9scan/2.0.133323e2538313e27363e2237313; +https://leakix.net)"
172.69.224.52 - - [27/Feb/2026:18:22:22 +0000] "GET /webjars/swagger-ui/index.html HTTP/1.1" 301 4068 "-" "Mozilla/5.0 (l9scan/2.0.133323e2538313e27363e2237313; +https://leakix.net)"
172.64.192.52 - - [27/Feb/2026:18:22:22 +0000] "GET /webjars/swagger-ui/index.html HTTP/1.1" 301 655 "-" "Mozilla/5.0 (l9scan/2.0.331323e23343e21323e2430313; +https://leakix.net)"
172.68.229.66 - - [27/Feb/2026:18:22:23 +0000] "GET /swagger.json HTTP/1.1" 301 721 "-" "Mozilla/5.0 (l9scan/2.0.331323e23343e21323e2430313; +https://leakix.net)"
141.101.99.216 - - [27/Feb/2026:18:22:23 +0000] "GET /swagger.json HTTP/1.1" 301 622 "-" "Mozilla/5.0 (l9scan/2.0.133323e2538313e27363e2237313; +https://leakix.net)"
172.70.162.152 - - [27/Feb/2026:18:22:23 +0000] "GET /swagger.json HTTP/1.1" 301 4034 "-" "Mozilla/5.0 (l9scan/2.0.133323e2538313e27363e2237313; +https://leakix.net)"
172.68.186.113 - - [27/Feb/2026:18:22:23 +0000] "GET /swagger.json HTTP/1.1" 301 621 "-" "Mozilla/5.0 (l9scan/2.0.331323e23343e21323e2430313; +https://leakix.net)"
172.68.186.112 - - [27/Feb/2026:18:22:24 +0000] "GET /swagger/v1/swagger.json HTTP/1.1" 301 743 "-" "Mozilla/5.0 (l9scan/2.0.331323e23343e21323e2430313; +https://leakix.net)"
172.70.162.152 - - [27/Feb/2026:18:22:24 +0000] "GET /swagger/v1/swagger.json HTTP/1.1" 301 644 "-" "Mozilla/5.0 (l9scan/2.0.133323e2538313e27363e2237313; +https://leakix.net)"
172.69.224.52 - - [27/Feb/2026:18:22:24 +0000] "GET /swagger/v1/swagger.json HTTP/1.1" 301 743 "-" "Mozilla/5.0 (l9scan/2.0.133323e2538313e27363e2237313; +https://leakix.net)"
141.101.99.216 - - [27/Feb/2026:18:22:24 +0000] "GET /swagger/v1/swagger.json HTTP/1.1" 301 643 "-" "Mozilla/5.0 (l9scan/2.0.331323e23343e21323e2430313; +https://leakix.net)"
141.101.99.215 - - [27/Feb/2026:18:22:25 +0000] "GET /v2/api-docs HTTP/1.1" 301 4032 "-" "Mozilla/5.0 (l9scan/2.0.331323e23343e21323e2430313; +https://leakix.net)"
172.64.192.52 - - [27/Feb/2026:18:22:25 +0000] "GET /v2/api-docs HTTP/1.1" 301 619 "-" "Mozilla/5.0 (l9scan/2.0.133323e2538313e27363e2237313; +https://leakix.net)"
172.71.178.73 - - [27/Feb/2026:18:22:25 +0000] "GET /v2/api-docs HTTP/1.1" 301 4032 "-" "Mozilla/5.0 (l9scan/2.0.133323e2538313e27363e2237313; +https://leakix.net)"
172.70.162.152 - - [27/Feb/2026:18:22:25 +0000] "GET /v2/api-docs HTTP/1.1" 301 619 "-" "Mozilla/5.0 (l9scan/2.0.331323e23343e21323e2430313; +https://leakix.net)"
172.64.192.53 - - [27/Feb/2026:18:22:26 +0000] "GET /v3/api-docs HTTP/1.1" 301 4032 "-" "Mozilla/5.0 (l9scan/2.0.331323e23343e21323e2430313; +https://leakix.net)"
172.69.224.53 - - [27/Feb/2026:18:22:26 +0000] "GET /v3/api-docs HTTP/1.1" 301 620 "-" "Mozilla/5.0 (l9scan/2.0.133323e2538313e27363e2237313; +https://leakix.net)"
172.71.241.164 - - [27/Feb/2026:18:22:26 +0000] "GET /v3/api-docs HTTP/1.1" 301 4032 "-" "Mozilla/5.0 (l9scan/2.0.133323e2538313e27363e2237313; +https://leakix.net)"
172.70.162.152 - - [27/Feb/2026:18:22:26 +0000] "GET /v3/api-docs HTTP/1.1" 301 619 "-" "Mozilla/5.0 (l9scan/2.0.331323e23343e21323e2430313; +https://leakix.net)"
172.64.192.53 - - [27/Feb/2026:18:22:27 +0000] "GET /api-docs/swagger.json HTTP/1.1" 301 739 "-" "Mozilla/5.0 (l9scan/2.0.331323e23343e21323e2430313; +https://leakix.net)"
172.68.186.113 - - [27/Feb/2026:18:22:27 +0000] "GET /api-docs/swagger.json HTTP/1.1" 301 639 "-" "Mozilla/5.0 (l9scan/2.0.133323e2538313e27363e2237313; +https://leakix.net)"
172.68.229.66 - - [27/Feb/2026:18:22:27 +0000] "GET /api-docs/swagger.json HTTP/1.1" 301 739 "-" "Mozilla/5.0 (l9scan/2.0.133323e2538313e27363e2237313; +https://leakix.net)"
141.101.99.216 - - [27/Feb/2026:18:22:27 +0000] "GET /api-docs/swagger.json HTTP/1.1" 301 639 "-" "Mozilla/5.0 (l9scan/2.0.331323e23343e21323e2430313; +https://leakix.net)"
172.71.241.164 - - [27/Feb/2026:18:22:28 +0000] "GET /api/swagger.json HTTP/1.1" 301 729 "-" "Mozilla/5.0 (l9scan/2.0.331323e23343e21323e2430313; +https://leakix.net)"
141.101.99.216 - - [27/Feb/2026:18:22:28 +0000] "GET /api/swagger.json HTTP/1.1" 301 629 "-" "Mozilla/5.0 (l9scan/2.0.133323e2538313e27363e2237313; +https://leakix.net)"
172.71.178.73 - - [27/Feb/2026:18:22:28 +0000] "GET /api/swagger.json HTTP/1.1" 301 729 "-" "Mozilla/5.0 (l9scan/2.0.133323e2538313e27363e2237313; +https://leakix.net)"
172.71.241.164 - - [27/Feb/2026:18:22:28 +0000] "GET /api/swagger.json HTTP/1.1" 301 630 "-" "Mozilla/5.0 (l9scan/2.0.331323e23343e21323e2430313; +https://leakix.net)"
172.71.241.164 - - [27/Feb/2026:18:22:29 +0000] "GET /@vite/env HTTP/1.1" 301 715 "-" "Mozilla/5.0 (l9scan/2.0.331323e23343e21323e2430313; +https://leakix.net)"
162.158.216.53 - - [27/Feb/2026:18:22:29 +0000] "GET /@vite/env HTTP/1.1" 301 616 "-" "Mozilla/5.0 (l9scan/2.0.133323e2538313e27363e2237313; +https://leakix.net)"
172.68.186.113 - - [27/Feb/2026:18:22:29 +0000] "GET /@vite/env HTTP/1.1" 301 4028 "-" "Mozilla/5.0 (l9scan/2.0.133323e2538313e27363e2237313; +https://leakix.net)"
172.64.192.52 - - [27/Feb/2026:18:22:29 +0000] "GET /@vite/env HTTP/1.1" 301 615 "-" "Mozilla/5.0 (l9scan/2.0.331323e23343e21323e2430313; +https://leakix.net)"
172.64.192.53 - - [27/Feb/2026:18:22:30 +0000] "GET /.vscode/sftp.json HTTP/1.1" 301 731 "-" "Mozilla/5.0 (l9scan/2.0.331323e23343e21323e2430313; +https://leakix.net)"
172.69.43.241 - - [27/Feb/2026:18:22:30 +0000] "GET /.vscode/sftp.json HTTP/1.1" 301 632 "-" "Mozilla/5.0 (l9scan/2.0.133323e2538313e27363e2237313; +https://leakix.net)"
172.69.43.240 - - [27/Feb/2026:18:22:30 +0000] "GET /.vscode/sftp.json HTTP/1.1" 301 4044 "-" "Mozilla/5.0 (l9scan/2.0.133323e2538313e27363e2237313; +https://leakix.net)"
172.70.162.152 - - [27/Feb/2026:18:22:30 +0000] "GET /.vscode/sftp.json HTTP/1.1" 301 631 "-" "Mozilla/5.0 (l9scan/2.0.331323e23343e21323e2430313; +https://leakix.net)"
172.68.186.113 - - [27/Feb/2026:18:22:31 +0000] "OPTIONS / HTTP/1.1" 301 697 "-" "Mozilla/5.0 (l9scan/2.0.331323e23343e21323e2430313; +https://leakix.net)"
172.69.224.53 - - [27/Feb/2026:18:22:31 +0000] "OPTIONS / HTTP/1.1" 301 598 "-" "Mozilla/5.0 (l9scan/2.0.133323e2538313e27363e2237313; +https://leakix.net)"
172.69.43.240 - - [27/Feb/2026:18:22:31 +0000] "OPTIONS / HTTP/1.1" 301 697 "-" "Mozilla/5.0 (l9scan/2.0.133323e2538313e27363e2237313; +https://leakix.net)"
141.101.99.216 - - [27/Feb/2026:18:22:31 +0000] "OPTIONS / HTTP/1.1" 301 597 "-" "Mozilla/5.0 (l9scan/2.0.331323e23343e21323e2430313; +https://leakix.net)"
172.68.229.66 - - [27/Feb/2026:18:22:32 +0000] "GET /?rest_route=/wp/v2/users/ HTTP/1.1" 301 747 "-" "Mozilla/5.0 (l9scan/2.0.331323e23343e21323e2430313; +https://leakix.net)"
172.68.229.67 - - [27/Feb/2026:18:22:32 +0000] "GET /?rest_route=/wp/v2/users/ HTTP/1.1" 301 648 "-" "Mozilla/5.0 (l9scan/2.0.133323e2538313e27363e2237313; +https://leakix.net)"
172.68.229.66 - - [27/Feb/2026:18:22:32 +0000] "GET /?rest_route=/wp/v2/users/ HTTP/1.1" 301 747 "-" "Mozilla/5.0 (l9scan/2.0.133323e2538313e27363e2237313; +https://leakix.net)"
172.71.178.73 - - [27/Feb/2026:18:22:32 +0000] "GET /?rest_route=/wp/v2/users/ HTTP/1.1" 301 648 "-" "Mozilla/5.0 (l9scan/2.0.331323e23343e21323e2430313; +https://leakix.net)"
172.64.192.53 - - [27/Feb/2026:18:22:33 +0000] "GET /debug/default/view?panel=config HTTP/1.1" 301 759 "-" "Mozilla/5.0 (l9scan/2.0.331323e23343e21323e2430313; +https://leakix.net)"
172.71.178.73 - - [27/Feb/2026:18:22:33 +0000] "GET /debug/default/view?panel=config HTTP/1.1" 301 659 "-" "Mozilla/5.0 (l9scan/2.0.133323e2538313e27363e2237313; +https://leakix.net)"
172.69.224.53 - - [27/Feb/2026:18:22:33 +0000] "GET /debug/default/view?panel=config HTTP/1.1" 301 4072 "-" "Mozilla/5.0 (l9scan/2.0.133323e2538313e27363e2237313; +https://leakix.net)"
172.69.43.241 - - [27/Feb/2026:18:22:33 +0000] "GET /debug/default/view?panel=config HTTP/1.1" 301 659 "-" "Mozilla/5.0 (l9scan/2.0.331323e23343e21323e2430313; +https://leakix.net)"
141.101.99.215 - - [27/Feb/2026:18:22:51 +0000] "GET / HTTP/1.1" 301 598 "-" "Mozilla/5.0 (X11; Linux x86_64) AppleWebKit/537.36 (KHTML, like Gecko) Chrome/125.0.0.0 Safari/537.36"
172.71.178.73 - - [27/Feb/2026:18:22:55 +0000] "GET / HTTP/1.1" 301 4010 "-" "Mozilla/5.0 (X11; Linux x86_64) AppleWebKit/537.36 (KHTML, like Gecko) Chrome/125.0.0.0 Safari/537.36"
172.71.178.141 - - [27/Feb/2026:18:22:55 +0000] "GET / HTTP/1.1" 200 18355 "-" "Mozilla/5.0 (X11; Linux x86_64) AppleWebKit/537.36 (KHTML, like Gecko) Chrome/125.0.0.0 Safari/537.36"
172.70.162.171 - - [27/Feb/2026:18:22:56 +0000] "GET /frontend/www-garage-automation-co-uk/css/custom.css?v=1772216576 HTTP/1.1" 200 4627 "https://www.garage-automation.co.uk/" "Mozilla/5.0 (X11; Linux x86_64) AppleWebKit/537.36 (KHTML, like Gecko) Chrome/125.0.0.0 Safari/537.36"
172.71.241.78 - - [27/Feb/2026:18:22:56 +0000] "GET /frontend/themes/default/css/style.css?v=1772216576 HTTP/1.1" 200 51922 "https://www.garage-automation.co.uk/" "Mozilla/5.0 (X11; Linux x86_64) AppleWebKit/537.36 (KHTML, like Gecko) Chrome/125.0.0.0 Safari/537.36"
172.71.178.32 - - [27/Feb/2026:18:22:56 +0000] "GET /frontend/www-garage-automation-co-uk/img/car_tyre.webp HTTP/1.1" 200 33339 "https://www.garage-automation.co.uk/" "Mozilla/5.0 (X11; Linux x86_64) AppleWebKit/537.36 (KHTML, like Gecko) Chrome/125.0.0.0 Safari/537.36"
172.71.241.16 - - [27/Feb/2026:18:22:56 +0000] "GET /frontend/www-garage-automation-co-uk/img/20years_exp.webp HTTP/1.1" 200 9698 "https://www.garage-automation.co.uk/" "Mozilla/5.0 (X11; Linux x86_64) AppleWebKit/537.36 (KHTML, like Gecko) Chrome/125.0.0.0 Safari/537.36"
172.68.229.102 - - [27/Feb/2026:18:22:56 +0000] "GET /frontend/themes/default/img/bg/tyrebg1.webp HTTP/1.1" 200 61515 "https://www.garage-automation.co.uk/" "Mozilla/5.0 (X11; Linux x86_64) AppleWebKit/537.36 (KHTML, like Gecko) Chrome/125.0.0.0 Safari/537.36"
172.68.229.162 - - [27/Feb/2026:18:22:56 +0000] "GET /frontend/themes/default/img/winter_tyres.webp HTTP/1.1" 200 30113 "https://www.garage-automation.co.uk/" "Mozilla/5.0 (X11; Linux x86_64) AppleWebKit/537.36 (KHTML, like Gecko) Chrome/125.0.0.0 Safari/537.36"
162.158.216.14 - - [27/Feb/2026:18:22:56 +0000] "GET /frontend/themes/default/img/summer_tyres.webp HTTP/1.1" 200 18379 "https://www.garage-automation.co.uk/" "Mozilla/5.0 (X11; Linux x86_64) AppleWebKit/537.36 (KHTML, like Gecko) Chrome/125.0.0.0 Safari/537.36"
172.70.86.223 - - [27/Feb/2026:18:22:56 +0000] "GET /frontend/themes/default/img/4x4_tyres.webp HTTP/1.1" 200 22249 "https://www.garage-automation.co.uk/" "Mozilla/5.0 (X11; Linux x86_64) AppleWebKit/537.36 (KHTML, like Gecko) Chrome/125.0.0.0 Safari/537.36"
172.70.163.114 - - [27/Feb/2026:18:22:56 +0000] "GET /frontend/themes/default/img/continental.webp HTTP/1.1" 200 15669 "https://www.garage-automation.co.uk/" "Mozilla/5.0 (X11; Linux x86_64) AppleWebKit/537.36 (KHTML, like Gecko) Chrome/125.0.0.0 Safari/537.36"
172.68.229.79 - - [27/Feb/2026:18:22:56 +0000] "GET /frontend/themes/default/img/dunlop.webp HTTP/1.1" 200 13384 "https://www.garage-automation.co.uk/" "Mozilla/5.0 (X11; Linux x86_64) AppleWebKit/537.36 (KHTML, like Gecko) Chrome/125.0.0.0 Safari/537.36"
172.69.194.227 - - [27/Feb/2026:18:22:56 +0000] "GET /frontend/themes/default/img/pirelli.webp HTTP/1.1" 200 13871 "https://www.garage-automation.co.uk/" "Mozilla/5.0 (X11; Linux x86_64) AppleWebKit/537.36 (KHTML, like Gecko) Chrome/125.0.0.0 Safari/537.36"
172.69.195.42 - - [27/Feb/2026:18:22:56 +0000] "GET /frontend/themes/default/img/all_season_tyres.webp HTTP/1.1" 200 31323 "https://www.garage-automation.co.uk/" "Mozilla/5.0 (X11; Linux x86_64) AppleWebKit/537.36 (KHTML, like Gecko) Chrome/125.0.0.0 Safari/537.36"
141.101.98.138 - - [27/Feb/2026:18:22:56 +0000] "GET /frontend/themes/default/img/nexen.webp HTTP/1.1" 200 16869 "https://www.garage-automation.co.uk/" "Mozilla/5.0 (X11; Linux x86_64) AppleWebKit/537.36 (KHTML, like Gecko) Chrome/125.0.0.0 Safari/537.36"
172.70.163.164 - - [27/Feb/2026:18:22:56 +0000] "GET /frontend/www-garage-automation-co-uk/img/news/news1.webp HTTP/1.1" 200 11902 "https://www.garage-automation.co.uk/" "Mozilla/5.0 (X11; Linux x86_64) AppleWebKit/537.36 (KHTML, like Gecko) Chrome/125.0.0.0 Safari/537.36"
141.101.99.92 - - [27/Feb/2026:18:22:56 +0000] "GET /frontend/www-garage-automation-co-uk/img/news/news3.webp HTTP/1.1" 200 10942 "https://www.garage-automation.co.uk/" "Mozilla/5.0 (X11; Linux x86_64) AppleWebKit/537.36 (KHTML, like Gecko) Chrome/125.0.0.0 Safari/537.36"
172.68.229.206 - - [27/Feb/2026:18:22:56 +0000] "GET /frontend/www-garage-automation-co-uk/img/news/news2.webp HTTP/1.1" 200 11778 "https://www.garage-automation.co.uk/" "Mozilla/5.0 (X11; Linux x86_64) AppleWebKit/537.36 (KHTML, like Gecko) Chrome/125.0.0.0 Safari/537.36"
172.70.86.81 - - [27/Feb/2026:18:22:57 +0000] "GET /frontend/www-garage-automation-co-uk/img/why_pic.webp HTTP/1.1" 200 8324 "https://www.garage-automation.co.uk/" "Mozilla/5.0 (X11; Linux x86_64) AppleWebKit/537.36 (KHTML, like Gecko) Chrome/125.0.0.0 Safari/537.36"
172.71.241.54 - - [27/Feb/2026:18:22:57 +0000] "GET /frontend/themes/default/js/main.js?v=1772216576 HTTP/1.1" 200 13983 "https://www.garage-automation.co.uk/" "Mozilla/5.0 (X11; Linux x86_64) AppleWebKit/537.36 (KHTML, like Gecko) Chrome/125.0.0.0 Safari/537.36"
172.70.162.88 - - [27/Feb/2026:18:22:57 +0000] "GET /frontend/www-garage-automation-co-uk/img/logo/logo.png?v=1772216576 HTTP/1.1" 200 12330 "https://www.garage-automation.co.uk/" "Mozilla/5.0 (X11; Linux x86_64) AppleWebKit/537.36 (KHTML, like Gecko) Chrome/125.0.0.0 Safari/537.36"
141.101.98.247 - - [27/Feb/2026:18:22:57 +0000] "GET /frontend/themes/default/img/bg/tyres_onlinebg.webp HTTP/1.1" 200 22365 "https://www.garage-automation.co.uk/frontend/themes/default/css/style.css?v=1772216576" "Mozilla/5.0 (X11; Linux x86_64) AppleWebKit/537.36 (KHTML, like Gecko) Chrome/125.0.0.0 Safari/537.36"
141.101.98.187 - - [27/Feb/2026:18:22:57 +0000] "GET /frontend/www-garage-automation-co-uk/img/bg/tires_header.webp HTTP/1.1" 200 156391 "https://www.garage-automation.co.uk/frontend/www-garage-automation-co-uk/css/custom.css?v=1772216576" "Mozilla/5.0 (X11; Linux x86_64) AppleWebKit/537.36 (KHTML, like Gecko) Chrome/125.0.0.0 Safari/537.36"
162.158.216.79 - - [27/Feb/2026:18:22:57 +0000] "GET /frontend/themes/default/img/offers/offer1.webp HTTP/1.1" 200 11358 "https://www.garage-automation.co.uk/" "Mozilla/5.0 (X11; Linux x86_64) AppleWebKit/537.36 (KHTML, like Gecko) Chrome/125.0.0.0 Safari/537.36"
141.101.98.107 - - [27/Feb/2026:18:22:57 +0000] "GET /frontend/themes/default/img/icon-img/gicon1.webp HTTP/1.1" 200 5707 "https://www.garage-automation.co.uk/" "Mozilla/5.0 (X11; Linux x86_64) AppleWebKit/537.36 (KHTML, like Gecko) Chrome/125.0.0.0 Safari/537.36"
172.70.163.37 - - [27/Feb/2026:18:22:57 +0000] "GET /frontend/themes/default/img/icon-img/gicon4.webp HTTP/1.1" 200 5655 "https://www.garage-automation.co.uk/" "Mozilla/5.0 (X11; Linux x86_64) AppleWebKit/537.36 (KHTML, like Gecko) Chrome/125.0.0.0 Safari/537.36"
172.69.43.142 - - [27/Feb/2026:18:22:57 +0000] "GET /frontend/www-garage-automation-co-uk/img/logo/logo.png?v=1757666894 HTTP/1.1" 200 12330 "https://www.garage-automation.co.uk/" "Mozilla/5.0 (X11; Linux x86_64) AppleWebKit/537.36 (KHTML, like Gecko) Chrome/125.0.0.0 Safari/537.36"
172.70.86.114 - - [27/Feb/2026:18:22:57 +0000] "GET /tyreslist/get-widths?vehicleType=car HTTP/1.1" 200 4599 "https://www.garage-automation.co.uk/" "Mozilla/5.0 (X11; Linux x86_64) AppleWebKit/537.36 (KHTML, like Gecko) Chrome/125.0.0.0 Safari/537.36"
172.70.162.186 - - [27/Feb/2026:18:22:58 +0000] "GET /tyreslist/get-profiles?width=205&vehicleType=car HTTP/1.1" 200 4546 "https://www.garage-automation.co.uk/" "Mozilla/5.0 (X11; Linux x86_64) AppleWebKit/537.36 (KHTML, like Gecko) Chrome/125.0.0.0 Safari/537.36"
172.71.241.26 - - [27/Feb/2026:18:22:58 +0000] "GET /tyreslist/get-profiles?width=205&vehicleType=car HTTP/1.1" 200 4546 "https://www.garage-automation.co.uk/" "Mozilla/5.0 (X11; Linux x86_64) AppleWebKit/537.36 (KHTML, like Gecko) Chrome/125.0.0.0 Safari/537.36"
172.69.224.100 - - [27/Feb/2026:18:22:58 +0000] "GET /tyreslist/get-diameters?width=205&profile=55&vehicleType=car HTTP/1.1" 200 4521 "https://www.garage-automation.co.uk/" "Mozilla/5.0 (X11; Linux x86_64) AppleWebKit/537.36 (KHTML, like Gecko) Chrome/125.0.0.0 Safari/537.36"
172.70.162.186 - - [27/Feb/2026:18:22:58 +0000] "GET /tyreslist/get-diameters?width=205&profile=55&vehicleType=car HTTP/1.1" 200 1186 "https://www.garage-automation.co.uk/" "Mozilla/5.0 (X11; Linux x86_64) AppleWebKit/537.36 (KHTML, like Gecko) Chrome/125.0.0.0 Safari/537.36"
172.64.192.53 - - [27/Feb/2026:18:23:03 +0000] "HEAD / HTTP/1.1" 301 3655 "-" "Mozilla/5.0 (Windows NT 10.0; Win64; x64) AppleWebKit/537.36 (KHTML, like Gecko) Chrome/134.0.6998.35/36 Safari/537.36"
172.70.162.185 - - [27/Feb/2026:18:23:04 +0000] "HEAD / HTTP/1.1" 200 4368 "-" "Mozilla/5.0 (Windows NT 10.0; Win64; x64) AppleWebKit/537.36 (KHTML, like Gecko) Chrome/134.0.6998.35/36 Safari/537.36"
172.70.162.152 - - [27/Feb/2026:18:23:17 +0000] "GET / HTTP/1.1" 301 4010 "-" "Go-http-client/1.1"
172.71.241.26 - - [27/Feb/2026:18:23:18 +0000] "GET / HTTP/1.1" 200 18353 "https://garage-automation.co.uk" "Go-http-client/1.1"
172.71.241.164 - - [27/Feb/2026:18:23:20 +0000] "GET / HTTP/1.1" 301 4010 "-" "Python/3.10 aiohttp/3.11.11"
172.69.224.100 - - [27/Feb/2026:18:23:20 +0000] "GET / HTTP/1.1" 200 18354 "-" "Python/3.10 aiohttp/3.11.11"
172.64.192.52 - - [27/Feb/2026:18:23:55 +0000] "POST /_internal/api/setup.php?action=exists HTTP/1.1" 301 4084 "-" "Mozilla/5.0 (Windows NT 10.0; Win64; x64) AppleWebKit/537.36 (KHTML, like Gecko) Chrome/131.0.0.0 Safari/537.36"
172.68.229.67 - - [27/Feb/2026:18:23:56 +0000] "POST /_internal/api/setup.php?action=exists HTTP/1.1" 301 4084 "-" "Mozilla/5.0 (Windows NT 10.0; Win64; x64) AppleWebKit/537.36 (KHTML, like Gecko) Chrome/131.0.0.0 Safari/537.36"
172.71.241.27 - - [27/Feb/2026:18:23:57 +0000] "GET /_internal/api/setup.php?action=exists HTTP/1.1" 404 6431 "https://garage-automation.co.uk/_internal/api/setup.php?action=exists" "Mozilla/5.0 (Windows NT 10.0; Win64; x64) AppleWebKit/537.36 (KHTML, like Gecko) Chrome/131.0.0.0 Safari/537.36"
172.68.186.113 - - [27/Feb/2026:18:23:59 +0000] "GET /api/user/ HTTP/1.1" 301 4028 "-" "Mozilla/5.0 (Windows NT 10.0; Win64; x64) AppleWebKit/537.36 (KHTML, like Gecko) Chrome/131.0.0.0 Safari/537.36"
172.69.194.202 - - [27/Feb/2026:18:23:59 +0000] "GET /api/user/ HTTP/1.1" 302 4251 "https://garage-automation.co.uk/api/user/" "Mozilla/5.0 (Windows NT 10.0; Win64; x64) AppleWebKit/537.36 (KHTML, like Gecko) Chrome/131.0.0.0 Safari/537.36"
172.69.224.100 - - [27/Feb/2026:18:24:00 +0000] "GET /customer/login HTTP/1.1" 200 8811 "https://www.garage-automation.co.uk/api/user/" "Mozilla/5.0 (Windows NT 10.0; Win64; x64) AppleWebKit/537.36 (KHTML, like Gecko) Chrome/131.0.0.0 Safari/537.36"
172.71.241.164 - - [27/Feb/2026:18:24:02 +0000] "GET / HTTP/1.1" 301 598 "-" "Mozilla/5.0 (X11; Linux x86_64) AppleWebKit/537.36 (KHTML, like Gecko) Chrome/137.0.0.0 Safari/537.36"
172.69.224.174 - - [27/Feb/2026:18:24:02 +0000] "GET /favicon.ico HTTP/1.1" 301 620 "-" "Mozilla/5.0 (X11; Linux x86_64) AppleWebKit/537.36 (KHTML, like Gecko) Chrome/136.0.0.0 Safari/537.36"
172.68.186.113 - - [27/Feb/2026:18:24:04 +0000] "GET / HTTP/1.1" 301 598 "-" "Mozilla/5.0 (X11; Linux x86_64) AppleWebKit/537.36 (KHTML, like Gecko) Chrome/137.0.0.0 Safari/537.36"
172.68.186.113 - - [27/Feb/2026:18:24:17 +0000] "HEAD / HTTP/1.1" 301 248 "-" "Mozilla/5.0 (compatible; Let's Encrypt validation server; +https://www.letsencrypt.org)"
172.69.224.52 - - [27/Feb/2026:18:24:17 +0000] "HEAD / HTTP/1.1" 301 248 "-" "Mozilla/5.0 (compatible; Let's Encrypt validation server; +https://www.letsencrypt.org)"
172.71.241.164 - - [27/Feb/2026:18:24:18 +0000] "HEAD / HTTP/1.1" 301 3655 "http://garage-automation.co.uk" "Mozilla/5.0 (compatible; Let's Encrypt validation server; +https://www.letsencrypt.org)"
172.69.224.52 - - [27/Feb/2026:18:24:18 +0000] "HEAD / HTTP/1.1" 301 3655 "-" "Mozilla/5.0 (compatible; Let's Encrypt validation server; +https://www.letsencrypt.org)"
172.64.192.53 - - [27/Feb/2026:18:24:18 +0000] "HEAD / HTTP/1.1" 301 3655 "http://garage-automation.co.uk" "Mozilla/5.0 (compatible; Let's Encrypt validation server; +https://www.letsencrypt.org)"
172.68.229.67 - - [27/Feb/2026:18:24:18 +0000] "HEAD / HTTP/1.1" 301 3655 "-" "Mozilla/5.0 (compatible; Let's Encrypt validation server; +https://www.letsencrypt.org)"
172.69.224.52 - - [27/Feb/2026:18:24:45 +0000] "GET /edit.php HTTP/1.1" 301 4026 "-" "Mozilla/5.0 (Windows NT 10.0; Win64; x64) AppleWebKit/537.36 (KHTML, like Gecko) Chrome/120.0.0.0 Safari/537.36"
172.70.162.152 - - [27/Feb/2026:18:24:45 +0000] "GET /adminfuns.php HTTP/1.1" 301 4036 "-" "Mozilla/5.0 (Windows NT 10.0; Win64; x64) AppleWebKit/537.36 (KHTML, like Gecko) Chrome/120.0.0.0 Safari/537.36"
172.71.241.164 - - [27/Feb/2026:18:24:45 +0000] "GET /ioxi-o.php HTTP/1.1" 301 4030 "-" "Mozilla/5.0 (Windows NT 10.0; Win64; x64) AppleWebKit/537.36 (KHTML, like Gecko) Chrome/120.0.0.0 Safari/537.36"
162.158.216.52 - - [27/Feb/2026:18:24:45 +0000] "GET /222.php HTTP/1.1" 301 4024 "-" "Mozilla/5.0 (Windows NT 10.0; Win64; x64) AppleWebKit/537.36 (KHTML, like Gecko) Chrome/120.0.0.0 Safari/537.36"
162.158.216.52 - - [27/Feb/2026:18:24:45 +0000] "GET /rip.php HTTP/1.1" 301 711 "-" "Mozilla/5.0 (Windows NT 10.0; Win64; x64) AppleWebKit/537.36 (KHTML, like Gecko) Chrome/120.0.0.0 Safari/537.36"
172.68.186.112 - - [27/Feb/2026:18:24:45 +0000] "GET /class-t.api.php HTTP/1.1" 301 4040 "-" "Mozilla/5.0 (Windows NT 10.0; Win64; x64) AppleWebKit/537.36 (KHTML, like Gecko) Chrome/120.0.0.0 Safari/537.36"
172.69.43.241 - - [27/Feb/2026:18:24:46 +0000] "GET /bolt.php HTTP/1.1" 301 4026 "-" "Mozilla/5.0 (Windows NT 10.0; Win64; x64) AppleWebKit/537.36 (KHTML, like Gecko) Chrome/120.0.0.0 Safari/537.36"
172.64.192.52 - - [27/Feb/2026:18:24:47 +0000] "GET /bless.php HTTP/1.1" 301 4028 "-" "Mozilla/5.0 (Windows NT 10.0; Win64; x64) AppleWebKit/537.36 (KHTML, like Gecko) Chrome/120.0.0.0 Safari/537.36"
141.101.99.216 - - [27/Feb/2026:18:24:48 +0000] "GET /info.php HTTP/1.1" 301 4026 "-" "Mozilla/5.0 (Windows NT 10.0; Win64; x64) AppleWebKit/537.36 (KHTML, like Gecko) Chrome/120.0.0.0 Safari/537.36"
172.69.43.241 - - [27/Feb/2026:18:24:48 +0000] "GET /css/000.php HTTP/1.1" 301 719 "-" "Mozilla/5.0 (Windows NT 10.0; Win64; x64) AppleWebKit/537.36 (KHTML, like Gecko) Chrome/120.0.0.0 Safari/537.36"
172.69.224.52 - - [27/Feb/2026:18:24:48 +0000] "GET /ccou.php HTTP/1.1" 301 713 "-" "Mozilla/5.0 (Windows NT 10.0; Win64; x64) AppleWebKit/537.36 (KHTML, like Gecko) Chrome/120.0.0.0 Safari/537.36"
172.68.186.112 - - [27/Feb/2026:18:24:48 +0000] "GET /000.php HTTP/1.1" 301 711 "-" "Mozilla/5.0 (Windows NT 10.0; Win64; x64) AppleWebKit/537.36 (KHTML, like Gecko) Chrome/120.0.0.0 Safari/537.36"
141.101.99.216 - - [27/Feb/2026:18:24:48 +0000] "GET /x.php HTTP/1.1" 301 707 "-" "Mozilla/5.0 (Windows NT 10.0; Win64; x64) AppleWebKit/537.36 (KHTML, like Gecko) Chrome/120.0.0.0 Safari/537.36"
141.101.99.216 - - [27/Feb/2026:18:24:49 +0000] "GET /css.php HTTP/1.1" 301 711 "-" "Mozilla/5.0 (Windows NT 10.0; Win64; x64) AppleWebKit/537.36 (KHTML, like Gecko) Chrome/120.0.0.0 Safari/537.36"
172.69.43.241 - - [27/Feb/2026:18:24:49 +0000] "GET /admin.php HTTP/1.1" 301 715 "-" "Mozilla/5.0 (Windows NT 10.0; Win64; x64) AppleWebKit/537.36 (KHTML, like Gecko) Chrome/120.0.0.0 Safari/537.36"
172.68.229.66 - - [27/Feb/2026:18:24:49 +0000] "GET /fff.php HTTP/1.1" 301 4024 "-" "Mozilla/5.0 (Windows NT 10.0; Win64; x64) AppleWebKit/537.36 (KHTML, like Gecko) Chrome/120.0.0.0 Safari/537.36"
172.64.192.52 - - [27/Feb/2026:18:24:49 +0000] "GET /wp.php HTTP/1.1" 301 709 "-" "Mozilla/5.0 (Windows NT 10.0; Win64; x64) AppleWebKit/537.36 (KHTML, like Gecko) Chrome/120.0.0.0 Safari/537.36"
172.71.241.164 - - [27/Feb/2026:18:24:49 +0000] "GET /wp-content/uploads/ HTTP/1.1" 301 735 "-" "Mozilla/5.0 (Windows NT 10.0; Win64; x64) AppleWebKit/537.36 (KHTML, like Gecko) Chrome/120.0.0.0 Safari/537.36"
172.71.241.164 - - [27/Feb/2026:18:24:50 +0000] "GET /wp-content/themes/ HTTP/1.1" 301 733 "-" "Mozilla/5.0 (Windows NT 10.0; Win64; x64) AppleWebKit/537.36 (KHTML, like Gecko) Chrome/120.0.0.0 Safari/537.36"
172.64.192.52 - - [27/Feb/2026:18:24:50 +0000] "GET /wp-content/themes/admin.php HTTP/1.1" 301 751 "-" "Mozilla/5.0 (Windows NT 10.0; Win64; x64) AppleWebKit/537.36 (KHTML, like Gecko) Chrome/120.0.0.0 Safari/537.36"
172.71.178.73 - - [27/Feb/2026:18:24:50 +0000] "GET /wp-content/uploads/admin.php HTTP/1.1" 301 4066 "-" "Mozilla/5.0 (Windows NT 10.0; Win64; x64) AppleWebKit/537.36 (KHTML, like Gecko) Chrome/120.0.0.0 Safari/537.36"
172.71.241.164 - - [27/Feb/2026:18:24:50 +0000] "GET /.well-known/ HTTP/1.1" 301 721 "-" "Mozilla/5.0 (Windows NT 10.0; Win64; x64) AppleWebKit/537.36 (KHTML, like Gecko) Chrome/120.0.0.0 Safari/537.36"
172.64.192.52 - - [27/Feb/2026:18:24:50 +0000] "GET /wp-includes/ HTTP/1.1" 301 721 "-" "Mozilla/5.0 (Windows NT 10.0; Win64; x64) AppleWebKit/537.36 (KHTML, like Gecko) Chrome/120.0.0.0 Safari/537.36"
172.71.178.73 - - [27/Feb/2026:18:24:50 +0000] "GET /wp-includes/style-engine/ HTTP/1.1" 301 747 "-" "Mozilla/5.0 (Windows NT 10.0; Win64; x64) AppleWebKit/537.36 (KHTML, like Gecko) Chrome/120.0.0.0 Safari/537.36"
141.101.99.216 - - [27/Feb/2026:18:24:51 +0000] "GET /wp-includes/PHPMailer/ HTTP/1.1" 301 741 "-" "Mozilla/5.0 (Windows NT 10.0; Win64; x64) AppleWebKit/537.36 (KHTML, like Gecko) Chrome/120.0.0.0 Safari/537.36"
172.69.43.241 - - [27/Feb/2026:18:24:51 +0000] "GET /wp-includes/js/crop/ HTTP/1.1" 301 737 "-" "Mozilla/5.0 (Windows NT 10.0; Win64; x64) AppleWebKit/537.36 (KHTML, like Gecko) Chrome/120.0.0.0 Safari/537.36"
172.71.178.72 - - [27/Feb/2026:18:25:59 +0000] "HEAD / HTTP/1.1" 301 248 "-" "Mozilla/5.0 (compatible; Let's Encrypt validation server; +https://www.letsencrypt.org)"
162.158.216.52 - - [27/Feb/2026:18:26:00 +0000] "HEAD / HTTP/1.1" 301 3655 "http://garage-automation.co.uk" "Mozilla/5.0 (compatible; Let's Encrypt validation server; +https://www.letsencrypt.org)"
172.69.224.53 - - [27/Feb/2026:18:26:15 +0000] "GET / HTTP/1.1" 301 598 "-" "Mozilla/5.0 (Windows NT 10.0; Win64; x64) AppleWebKit/537.36 (KHTML, like Gecko) Chrome/117.0.5938.132 Safari/537.36"
172.71.241.164 - - [27/Feb/2026:18:26:18 +0000] "GET / HTTP/1.1" 301 4010 "-" "Mozilla/5.0 (Windows NT 10.0; Win64; x64) AppleWebKit/537.36 (KHTML, like Gecko) Chrome/117.0.5938.132 Safari/537.36"
172.71.178.140 - - [27/Feb/2026:18:26:18 +0000] "GET / HTTP/1.1" 200 18354 "-" "Mozilla/5.0 (Windows NT 10.0; Win64; x64) AppleWebKit/537.36 (KHTML, like Gecko) Chrome/117.0.5938.132 Safari/537.36"
172.64.192.136 - - [27/Feb/2026:18:26:19 +0000] "GET /frontend/www-garage-automation-co-uk/css/custom.css?v=1772216779 HTTP/1.1" 200 4627 "https://www.garage-automation.co.uk/" "Mozilla/5.0 (Windows NT 10.0; Win64; x64) AppleWebKit/537.36 (KHTML, like Gecko) Chrome/117.0.5938.132 Safari/537.36"
172.68.186.106 - - [27/Feb/2026:18:26:19 +0000] "GET /frontend/themes/default/css/style.css?v=1772216779 HTTP/1.1" 200 51922 "https://www.garage-automation.co.uk/" "Mozilla/5.0 (Windows NT 10.0; Win64; x64) AppleWebKit/537.36 (KHTML, like Gecko) Chrome/117.0.5938.132 Safari/537.36"
172.68.186.166 - - [27/Feb/2026:18:26:19 +0000] "GET /frontend/themes/default/js/main.js?v=1772216779 HTTP/1.1" 200 13983 "https://www.garage-automation.co.uk/" "Mozilla/5.0 (Windows NT 10.0; Win64; x64) AppleWebKit/537.36 (KHTML, like Gecko) Chrome/117.0.5938.132 Safari/537.36"
172.71.178.24 - - [27/Feb/2026:18:26:19 +0000] "GET /frontend/www-garage-automation-co-uk/img/logo/logo.png?v=1772216779 HTTP/1.1" 200 12330 "https://www.garage-automation.co.uk/" "Mozilla/5.0 (Windows NT 10.0; Win64; x64) AppleWebKit/537.36 (KHTML, like Gecko) Chrome/117.0.5938.132 Safari/537.36"
172.71.241.27 - - [27/Feb/2026:18:26:21 +0000] "GET /tyreslist/get-widths?vehicleType=car HTTP/1.1" 200 4599 "https://www.garage-automation.co.uk/" "Mozilla/5.0 (Windows NT 10.0; Win64; x64) AppleWebKit/537.36 (KHTML, like Gecko) Chrome/117.0.5938.132 Safari/537.36"
172.71.178.140 - - [27/Feb/2026:18:26:22 +0000] "GET /tyreslist/get-profiles?width=205&vehicleType=car HTTP/1.1" 200 1211 "https://www.garage-automation.co.uk/" "Mozilla/5.0 (Windows NT 10.0; Win64; x64) AppleWebKit/537.36 (KHTML, like Gecko) Chrome/117.0.5938.132 Safari/537.36"
172.70.86.114 - - [27/Feb/2026:18:26:22 +0000] "GET /tyreslist/get-profiles?width=205&vehicleType=car HTTP/1.1" 200 4546 "https://www.garage-automation.co.uk/" "Mozilla/5.0 (Windows NT 10.0; Win64; x64) AppleWebKit/537.36 (KHTML, like Gecko) Chrome/117.0.5938.132 Safari/537.36"
172.71.241.27 - - [27/Feb/2026:18:26:22 +0000] "GET /tyreslist/get-diameters?width=205&profile=55&vehicleType=car HTTP/1.1" 200 1186 "https://www.garage-automation.co.uk/" "Mozilla/5.0 (Windows NT 10.0; Win64; x64) AppleWebKit/537.36 (KHTML, like Gecko) Chrome/117.0.5938.132 Safari/537.36"
162.158.216.100 - - [27/Feb/2026:18:26:22 +0000] "GET /tyreslist/get-diameters?width=205&profile=55&vehicleType=car HTTP/1.1" 200 4521 "https://www.garage-automation.co.uk/" "Mozilla/5.0 (Windows NT 10.0; Win64; x64) AppleWebKit/537.36 (KHTML, like Gecko) Chrome/117.0.5938.132 Safari/537.36"
172.71.178.72 - - [27/Feb/2026:18:26:26 +0000] "HEAD / HTTP/1.1" 301 248 "-" "Mozilla/5.0 (compatible; Let's Encrypt validation server; +https://www.letsencrypt.org)"
172.68.229.67 - - [27/Feb/2026:18:26:27 +0000] "HEAD / HTTP/1.1" 301 3655 "http://garage-automation.co.uk" "Mozilla/5.0 (compatible; Let's Encrypt validation server; +https://www.letsencrypt.org)"
172.69.224.52 - - [27/Feb/2026:18:27:00 +0000] "GET / HTTP/1.1" 301 4010 "-" "Mozilla/5.0 (Macintosh; Intel Mac OS X 10_15_7) AppleWebKit/537.36 (KHTML, like Gecko) Chrome/116.0.0.0 Safari/537.36"
172.69.194.203 - - [27/Feb/2026:18:27:00 +0000] "GET / HTTP/1.1" 200 18357 "-" "Mozilla/5.0 (Macintosh; Intel Mac OS X 10_15_7) AppleWebKit/537.36 (KHTML, like Gecko) Chrome/116.0.0.0 Safari/537.36"
172.69.43.241 - - [27/Feb/2026:18:27:03 +0000] "GET / HTTP/1.1" 301 4010 "-" "Mozilla/5.0 (Macintosh; Intel Mac OS X 10_15_7) AppleWebKit/537.36 (KHTML, like Gecko) Chrome/117.0.0.0 Safari/537.36"
162.158.216.101 - - [27/Feb/2026:18:27:08 +0000] "GET / HTTP/1.1" 200 18360 "-" "Mozilla/5.0 (Macintosh; Intel Mac OS X 10_15_7) AppleWebKit/537.36 (KHTML, like Gecko) Chrome/117.0.0.0 Safari/537.36"
172.68.186.112 - - [27/Feb/2026:18:27:15 +0000] "GET / HTTP/1.1" 301 4010 "-" "Mozilla/5.0 (Windows NT 10.0; Win64; x64) AppleWebKit/537.36 (KHTML, like Gecko) Chrome/117.0.0.0 Safari/537.36"
172.71.178.141 - - [27/Feb/2026:18:27:16 +0000] "GET / HTTP/1.1" 200 18354 "-" "Mozilla/5.0 (Windows NT 10.0; Win64; x64) AppleWebKit/537.36 (KHTML, like Gecko) Chrome/117.0.0.0 Safari/537.36"
141.101.99.215 - - [27/Feb/2026:18:27:17 +0000] "GET /https%3A/www.garage-automation.co.uk/ HTTP/1.1" 301 4080 "-" "Mozilla/5.0 (Windows NT 10.0; Win64; x64) AppleWebKit/537.36 (KHTML, like Gecko) Chrome/117.0.0.0 Safari/537.36"
172.71.178.141 - - [27/Feb/2026:18:27:18 +0000] "GET /https:/www.garage-automation.co.uk/ HTTP/1.1" 404 3096 "-" "Mozilla/5.0 (Windows NT 10.0; Win64; x64) AppleWebKit/537.36 (KHTML, like Gecko) Chrome/117.0.0.0 Safari/537.36"
172.68.229.66 - - [27/Feb/2026:18:27:19 +0000] "GET /https%3A/www.garage-automation.co.uk/https%3A/www.garage-automation.co.uk/https%3A/www.garage-automation.co.uk/ HTTP/1.1" 301 4220 "-" "Mozilla/5.0 (Windows NT 10.0; Win64; x64) AppleWebKit/537.36 (KHTML, like Gecko) Chrome/117.0.0.0 Safari/537.36"
172.69.224.100 - - [27/Feb/2026:18:27:23 +0000] "GET /https:/www.garage-automation.co.uk/https:/www.garage-automation.co.uk/https:/www.garage-automation.co.uk/ HTTP/1.1" 404 6431 "-" "Mozilla/5.0 (Windows NT 10.0; Win64; x64) AppleWebKit/537.36 (KHTML, like Gecko) Chrome/117.0.0.0 Safari/537.36"
162.158.216.184 - - [27/Feb/2026:18:27:25 +0000] "GET /js/jquery.min.js HTTP/1.1" 404 6431 "-" "Mozilla/5.0 (Windows NT 10.0; Win64; x64) AppleWebKit/537.36 (KHTML, like Gecko) Chrome/117.0.0.0 Safari/537.36"
172.71.178.63 - - [27/Feb/2026:18:27:31 +0000] "GET /js/bootstrap.min.js HTTP/1.1" 404 6431 "-" "Mozilla/5.0 (Windows NT 10.0; Win64; x64) AppleWebKit/537.36 (KHTML, like Gecko) Chrome/117.0.0.0 Safari/537.36"
172.70.163.21 - - [27/Feb/2026:18:27:33 +0000] "GET /js/popper.min.js HTTP/1.1" 404 6431 "-" "Mozilla/5.0 (Windows NT 10.0; Win64; x64) AppleWebKit/537.36 (KHTML, like Gecko) Chrome/117.0.0.0 Safari/537.36"
141.101.99.216 - - [27/Feb/2026:18:28:01 +0000] "GET / HTTP/1.1" 301 4010 "-" "Mozilla/5.0 (compatible; bot/1.0)"
162.158.216.101 - - [27/Feb/2026:18:28:01 +0000] "GET / HTTP/1.1" 200 18354 "https://garage-automation.co.uk" "Mozilla/5.0 (compatible; bot/1.0)"
172.70.162.185 - - [27/Feb/2026:18:34:34 +0000] "GET / HTTP/1.1" 200 18354 "-" "Hello from Palo Alto Networks, find out more about our scans in https://docs-cortex.paloaltonetworks.com/r/1/Cortex-Xpanse/Scanning-activity"
172.69.224.53 - - [27/Feb/2026:18:38:02 +0000] "GET / HTTP/1.1" 301 4010 "-" "Mozilla/5.0 (Macintosh; Intel Mac OS X 10_15_7) AppleWebKit/537.36 (KHTML, like Gecko) Chrome/117.0.0.0 Safari/537.36"
172.69.224.53 - - [27/Feb/2026:18:38:02 +0000] "GET / HTTP/1.1" 301 697 "-" "Mozilla/5.0 (Macintosh; Intel Mac OS X 10_15_7) AppleWebKit/537.36 (KHTML, like Gecko) Chrome/117.0.0.0 Safari/537.36"
141.101.99.126 - - [27/Feb/2026:18:38:03 +0000] "GET / HTTP/1.1" 200 18357 "-" "Mozilla/5.0 (Macintosh; Intel Mac OS X 10_15_7) AppleWebKit/537.36 (KHTML, like Gecko) Chrome/117.0.0.0 Safari/537.36"
172.64.192.100 - - [27/Feb/2026:18:38:10 +0000] "GET / HTTP/1.1" 200 18354 "-" "Mozilla/5.0 (Macintosh; Intel Mac OS X 10_15_7) AppleWebKit/537.36 (KHTML, like Gecko) Chrome/117.0.0.0 Safari/537.36"
172.69.224.52 - - [27/Feb/2026:18:38:22 +0000] "GET / HTTP/1.1" 301 4010 "-" "Mozilla/5.0 (Macintosh; Intel Mac OS X 10_15_7) AppleWebKit/537.36 (KHTML, like Gecko) Chrome/116.0.0.0 Safari/537.36"
141.101.99.216 - - [27/Feb/2026:18:38:25 +0000] "GET /https%3A/www.garage-automation.co.uk/ HTTP/1.1" 301 4080 "-" "Mozilla/5.0 (Macintosh; Intel Mac OS X 10_15_7) AppleWebKit/537.36 (KHTML, like Gecko) Chrome/116.0.0.0 Safari/537.36"
172.69.224.100 - - [27/Feb/2026:18:38:25 +0000] "GET / HTTP/1.1" 200 18356 "-" "Mozilla/5.0 (Macintosh; Intel Mac OS X 10_15_7) AppleWebKit/537.36 (KHTML, like Gecko) Chrome/116.0.0.0 Safari/537.36"
172.69.224.100 - - [27/Feb/2026:18:38:27 +0000] "GET /https:/www.garage-automation.co.uk/ HTTP/1.1" 404 3096 "-" "Mozilla/5.0 (Macintosh; Intel Mac OS X 10_15_7) AppleWebKit/537.36 (KHTML, like Gecko) Chrome/116.0.0.0 Safari/537.36"
