172.70.85.58 - - [27/Feb/2026:23:50:51 +0000] "GET /s3/credentials HTTP/1.1" 301 4038 "-" "Mozilla/5.0 (Windows NT 10.0; Win64; x64) AppleWebKit/537.36 (KHTML, like Gecko) Chrome/121.0.0.0 Safari/537.36"
172.69.43.240 - - [27/Feb/2026:23:50:51 +0000] "GET /s3/bucket.env HTTP/1.1" 301 4036 "-" "Mozilla/5.0 (Windows NT 10.0; Win64; x64) AppleWebKit/537.36 (KHTML, like Gecko) Chrome/121.0.0.0 Safari/537.36"
172.70.85.58 - - [27/Feb/2026:23:50:51 +0000] "GET /aws.env HTTP/1.1" 301 711 "-" "Mozilla/5.0 (Windows NT 10.0; Win64; x64) AppleWebKit/537.36 (KHTML, like Gecko) Chrome/120.0.0.0 Safari/537.36 Edg/120.0.0.0"
172.70.162.152 - - [27/Feb/2026:23:50:51 +0000] "GET /aws/s3/env.env HTTP/1.1" 301 4038 "-" "Mozilla/5.0 (X11; Linux x86_64; rv:121.0) Gecko/20100101 Firefox/121.0"
172.71.241.165 - - [27/Feb/2026:23:50:52 +0000] "GET /aws.env HTTP/1.1" 301 4024 "-" "Mozilla/5.0 (Windows NT 10.0; Win64; x64) AppleWebKit/537.36 (KHTML, like Gecko) Chrome/120.0.0.0 Safari/537.36 Edg/120.0.0.0"
141.101.99.216 - - [27/Feb/2026:23:50:52 +0000] "GET /s3/buckets HTTP/1.1" 301 4030 "-" "Mozilla/5.0 (Macintosh; Intel Mac OS X 10_15_7) AppleWebKit/605.1.15 (KHTML, like Gecko) Version/17.2 Safari/605.1.15"
172.71.241.165 - - [27/Feb/2026:23:50:52 +0000] "GET /s3/backup HTTP/1.1" 301 715 "-" "Mozilla/5.0 (X11; Linux x86_64) AppleWebKit/537.36 (KHTML, like Gecko) Chrome/120.0.0.0 Safari/537.36"
162.158.216.53 - - [27/Feb/2026:23:50:53 +0000] "GET /s3.yml HTTP/1.1" 301 709 "-" "Mozilla/5.0 (Macintosh; Intel Mac OS X 10_15_7) AppleWebKit/605.1.15 (KHTML, like Gecko) Version/17.2 Safari/605.1.15"
172.70.162.152 - - [27/Feb/2026:23:50:55 +0000] "GET /aws.json HTTP/1.1" 301 713 "-" "Mozilla/5.0 (Windows NT 10.0; Win64; x64) AppleWebKit/537.36 (KHTML, like Gecko) Chrome/120.0.0.0 Safari/537.36 Edg/120.0.0.0"
172.71.178.72 - - [27/Feb/2026:23:50:56 +0000] "GET /aws.yml HTTP/1.1" 301 4024 "-" "Mozilla/5.0 (Macintosh; Intel Mac OS X 10_15_7) AppleWebKit/537.36 (KHTML, like Gecko) Chrome/120.0.0.0 Safari/537.36"
172.68.229.66 - - [27/Feb/2026:23:50:56 +0000] "GET /s3.properties HTTP/1.1" 301 4036 "-" "Mozilla/5.0 (Windows NT 10.0; Win64; x64; rv:121.0) Gecko/20100101 Firefox/121.0"
141.101.99.216 - - [27/Feb/2026:23:50:56 +0000] "GET /s3.key HTTP/1.1" 301 709 "-" "Mozilla/5.0 (Macintosh; Intel Mac OS X 10.15; rv:121.0) Gecko/20100101 Firefox/121.0"
172.69.224.53 - - [27/Feb/2026:23:50:56 +0000] "GET /aws.yaml HTTP/1.1" 301 4026 "-" "Mozilla/5.0 (Macintosh; Intel Mac OS X 10_15_7) AppleWebKit/605.1.15 (KHTML, like Gecko) Version/17.2 Safari/605.1.15"
172.70.85.59 - - [27/Feb/2026:23:50:57 +0000] "GET /root/.aws/credentials HTTP/1.1" 301 4052 "-" "Mozilla/5.0 (X11; Linux x86_64) AppleWebKit/537.36 (KHTML, like Gecko) Chrome/120.0.0.0 Safari/537.36"
162.158.216.52 - - [27/Feb/2026:23:50:58 +0000] "GET /root/.aws/config HTTP/1.1" 301 4042 "-" "Mozilla/5.0 (X11; Linux x86_64) AppleWebKit/537.36 (KHTML, like Gecko) Chrome/120.0.0.0 Safari/537.36"
172.71.178.72 - - [27/Feb/2026:23:50:58 +0000] "GET /s3/bucket HTTP/1.1" 301 715 "-" "Mozilla/5.0 (Windows NT 10.0; Win64; x64) AppleWebKit/537.36 (KHTML, like Gecko) Chrome/120.0.0.0 Safari/537.36"
172.70.85.59 - - [27/Feb/2026:23:50:59 +0000] "GET /.boto HTTP/1.1" 301 707 "-" "Mozilla/5.0 (Macintosh; Intel Mac OS X 10_15_7) AppleWebKit/537.36 (KHTML, like Gecko) Chrome/120.0.0.0 Safari/537.36"
172.70.162.152 - - [27/Feb/2026:23:50:59 +0000] "GET /root/.boto HTTP/1.1" 301 717 "-" "Mozilla/5.0 (X11; Linux x86_64) AppleWebKit/537.36 (KHTML, like Gecko) Chrome/120.0.0.0 Safari/537.36"
172.70.162.152 - - [27/Feb/2026:23:51:00 +0000] "GET /.s3cfg HTTP/1.1" 301 709 "-" "Mozilla/5.0 (Windows NT 10.0; Win64; x64) AppleWebKit/537.36 (KHTML, like Gecko) Chrome/120.0.0.0 Safari/537.36 Edg/120.0.0.0"
172.70.162.152 - - [27/Feb/2026:23:51:00 +0000] "GET /s3.yaml HTTP/1.1" 301 711 "-" "Mozilla/5.0 (Macintosh; Intel Mac OS X 10_15_7) AppleWebKit/537.36 (KHTML, like Gecko) Chrome/120.0.0.0 Safari/537.36"
172.70.162.152 - - [27/Feb/2026:23:51:00 +0000] "GET /root/.s3cfg HTTP/1.1" 301 719 "-" "Mozilla/5.0 (Windows NT 10.0; Win64; x64; rv:121.0) Gecko/20100101 Firefox/121.0"
172.69.43.240 - - [27/Feb/2026:23:51:01 +0000] "GET /etc/boto.cfg HTTP/1.1" 301 4034 "-" "Mozilla/5.0 (X11; Linux x86_64) AppleWebKit/537.36 (KHTML, like Gecko) Chrome/120.0.0.0 Safari/537.36"
162.158.216.52 - - [27/Feb/2026:23:51:01 +0000] "GET /.terraform/credentials.tfrc.json HTTP/1.1" 301 761 "-" "Mozilla/5.0 (Macintosh; Intel Mac OS X 10_15_7) AppleWebKit/537.36 (KHTML, like Gecko) Chrome/120.0.0.0 Safari/537.36"
172.70.162.152 - - [27/Feb/2026:23:51:01 +0000] "GET /s3.secret HTTP/1.1" 301 715 "-" "Mozilla/5.0 (Macintosh; Intel Mac OS X 10_15_7) AppleWebKit/605.1.15 (KHTML, like Gecko) Version/17.2 Safari/605.1.15"
141.101.99.215 - - [27/Feb/2026:23:51:05 +0000] "GET /terraform.tfstate.backup HTTP/1.1" 301 4058 "-" "Mozilla/5.0 (Windows NT 10.0; Win64; x64) AppleWebKit/537.36 (KHTML, like Gecko) Chrome/122.0.0.0 Safari/537.36"
162.158.216.52 - - [27/Feb/2026:23:51:05 +0000] "GET /.terraform.tfstate HTTP/1.1" 301 733 "-" "Mozilla/5.0 (Windows NT 10.0; Win64; x64) AppleWebKit/537.36 (KHTML, like Gecko) Chrome/120.0.0.0 Safari/537.36"
172.70.85.59 - - [27/Feb/2026:23:51:05 +0000] "GET /serverless.yml HTTP/1.1" 301 4038 "-" "Mozilla/5.0 (Macintosh; Intel Mac OS X 10_15_7) AppleWebKit/537.36 (KHTML, like Gecko) Chrome/120.0.0.0 Safari/537.36"
172.69.224.52 - - [27/Feb/2026:23:51:05 +0000] "GET /serverless.yaml HTTP/1.1" 301 4040 "-" "Mozilla/5.0 (X11; Linux x86_64) AppleWebKit/537.36 (KHTML, like Gecko) Chrome/120.0.0.0 Safari/537.36"
172.70.85.59 - - [27/Feb/2026:23:51:06 +0000] "GET /sam-template.yaml HTTP/1.1" 301 731 "-" "Mozilla/5.0 (X11; Linux x86_64) AppleWebKit/537.36 (KHTML, like Gecko) Chrome/120.0.0.0 Safari/537.36"
172.71.178.73 - - [27/Feb/2026:23:51:06 +0000] "GET /template.yaml HTTP/1.1" 301 4036 "-" "Mozilla/5.0 (Windows NT 10.0; Win64; x64) AppleWebKit/537.36 (KHTML, like Gecko) Chrome/120.0.0.0 Safari/537.36 Edg/120.0.0.0"
172.69.43.241 - - [27/Feb/2026:23:51:06 +0000] "GET /amplify/team-provider-info.json HTTP/1.1" 301 4072 "-" "Mozilla/5.0 (Windows NT 10.0; Win64; x64) AppleWebKit/537.36 (KHTML, like Gecko) Chrome/120.0.0.0 Safari/537.36"
172.68.229.66 - - [27/Feb/2026:23:51:07 +0000] "GET /.amplifyrc HTTP/1.1" 301 4030 "-" "Mozilla/5.0 (X11; Linux x86_64; rv:121.0) Gecko/20100101 Firefox/121.0"
141.101.99.215 - - [27/Feb/2026:23:51:07 +0000] "GET /app/.terraform/terraform.tfstate HTTP/1.1" 301 761 "-" "Mozilla/5.0 (Windows NT 10.0; Win64; x64; rv:121.0) Gecko/20100101 Firefox/121.0"
141.101.99.215 - - [27/Feb/2026:23:51:08 +0000] "GET /terraform.tfstate HTTP/1.1" 301 731 "-" "Mozilla/5.0 (X11; Linux x86_64) AppleWebKit/537.36 (KHTML, like Gecko) Chrome/120.0.0.0 Safari/537.36"
162.158.216.52 - - [27/Feb/2026:23:51:08 +0000] "GET /terraform.tfvars HTTP/1.1" 301 729 "-" "Mozilla/5.0 (Windows NT 10.0; Win64; x64) AppleWebKit/537.36 (KHTML, like Gecko) Chrome/121.0.0.0 Safari/537.36"
172.69.224.52 - - [27/Feb/2026:23:51:10 +0000] "GET /s3.secret HTTP/1.1" 301 715 "-" "Mozilla/5.0 (Macintosh; Intel Mac OS X 10_15_7) AppleWebKit/605.1.15 (KHTML, like Gecko) Version/17.2 Safari/605.1.15"
172.71.241.164 - - [27/Feb/2026:23:51:10 +0000] "GET /var/task/amplify.yml HTTP/1.1" 301 4050 "-" "Mozilla/5.0 (Windows NT 10.0; Win64; x64) AppleWebKit/537.36 (KHTML, like Gecko) Chrome/120.0.0.0 Safari/537.36 Edg/120.0.0.0"
172.70.162.151 - - [27/Feb/2026:23:51:10 +0000] "GET /s3/.env.bak HTTP/1.1" 301 4032 "-" "Mozilla/5.0 (Windows NT 10.0; Win64; x64) AppleWebKit/537.36 (KHTML, like Gecko) Chrome/122.0.0.0 Safari/537.36"
162.158.216.52 - - [27/Feb/2026:23:51:11 +0000] "GET /var/task/amplify.yaml HTTP/1.1" 301 739 "-" "Mozilla/5.0 (X11; Linux x86_64; rv:121.0) Gecko/20100101 Firefox/121.0"
172.69.43.240 - - [27/Feb/2026:23:51:12 +0000] "GET /app/.env HTTP/1.1" 301 4026 "-" "Mozilla/5.0 (Macintosh; Intel Mac OS X 10.15; rv:121.0) Gecko/20100101 Firefox/121.0"
172.64.192.53 - - [27/Feb/2026:23:51:12 +0000] "GET /app/.env.local HTTP/1.1" 301 4038 "-" "Mozilla/5.0 (X11; Linux x86_64) AppleWebKit/537.36 (KHTML, like Gecko) Chrome/120.0.0.0 Safari/537.36"
172.70.85.58 - - [27/Feb/2026:23:51:13 +0000] "GET /var/www/html/.env HTTP/1.1" 301 4044 "-" "Mozilla/5.0 (Windows NT 10.0; Win64; x64; rv:121.0) Gecko/20100101 Firefox/121.0"
172.68.229.67 - - [27/Feb/2026:23:51:13 +0000] "GET /opt/.env HTTP/1.1" 301 4026 "-" "Mozilla/5.0 (X11; Linux x86_64; rv:121.0) Gecko/20100101 Firefox/121.0"
172.68.229.67 - - [27/Feb/2026:23:51:13 +0000] "GET /.terraform.lock.hcl HTTP/1.1" 301 735 "-" "Mozilla/5.0 (X11; Linux x86_64) AppleWebKit/537.36 (KHTML, like Gecko) Chrome/120.0.0.0 Safari/537.36"
172.69.43.240 - - [27/Feb/2026:23:51:13 +0000] "GET /srv/.env HTTP/1.1" 301 713 "-" "Mozilla/5.0 (Windows NT 10.0; Win64; x64) AppleWebKit/537.36 (KHTML, like Gecko) Chrome/122.0.0.0 Safari/537.36"
172.71.241.164 - - [27/Feb/2026:23:51:14 +0000] "GET /terraform/terraform.tfvars.json HTTP/1.1" 301 759 "-" "Mozilla/5.0 (Macintosh; Intel Mac OS X 10.15; rv:121.0) Gecko/20100101 Firefox/121.0"
172.70.85.58 - - [27/Feb/2026:23:51:14 +0000] "GET /env HTTP/1.1" 301 703 "-" "Mozilla/5.0 (X11; Linux x86_64; rv:121.0) Gecko/20100101 Firefox/121.0"
141.101.99.216 - - [27/Feb/2026:23:51:14 +0000] "GET /.git HTTP/1.1" 301 4018 "-" "Mozilla/5.0 (Macintosh; Intel Mac OS X 10.15; rv:121.0) Gecko/20100101 Firefox/121.0"
172.64.192.53 - - [27/Feb/2026:23:51:14 +0000] "GET /app/amplify.yml HTTP/1.1" 301 727 "-" "Mozilla/5.0 (Macintosh; Intel Mac OS X 10_15_7) AppleWebKit/605.1.15 (KHTML, like Gecko) Version/17.2 Safari/605.1.15"
172.69.224.52 - - [27/Feb/2026:23:51:14 +0000] "GET /.git/HEAD HTTP/1.1" 301 715 "-" "Mozilla/5.0 (Macintosh; Intel Mac OS X 10.15; rv:121.0) Gecko/20100101 Firefox/121.0"
162.158.216.52 - - [27/Feb/2026:23:51:15 +0000] "GET /.git/logs/HEAD HTTP/1.1" 301 725 "-" "Mozilla/5.0 (Macintosh; Intel Mac OS X 10_15_7) AppleWebKit/605.1.15 (KHTML, like Gecko) Version/17.2 Safari/605.1.15"
172.69.43.240 - - [27/Feb/2026:23:51:17 +0000] "GET /app/.env.production HTTP/1.1" 301 735 "-" "Mozilla/5.0 (Macintosh; Intel Mac OS X 10.15; rv:121.0) Gecko/20100101 Firefox/121.0"
172.68.229.67 - - [27/Feb/2026:23:51:17 +0000] "GET /var/www/.env HTTP/1.1" 301 721 "-" "Mozilla/5.0 (Macintosh; Intel Mac OS X 10_15_7) AppleWebKit/605.1.15 (KHTML, like Gecko) Version/17.2 Safari/605.1.15"
172.70.85.58 - - [27/Feb/2026:23:51:17 +0000] "GET /.git/logs/refs/remotes/origin/main HTTP/1.1" 301 765 "-" "Mozilla/5.0 (Macintosh; Intel Mac OS X 10_15_7) AppleWebKit/537.36 (KHTML, like Gecko) Chrome/120.0.0.0 Safari/537.36"
162.158.216.52 - - [27/Feb/2026:23:51:18 +0000] "GET /.env.example HTTP/1.1" 301 721 "-" "Mozilla/5.0 (Macintosh; Intel Mac OS X 10_15_7) AppleWebKit/605.1.15 (KHTML, like Gecko) Version/17.2 Safari/605.1.15"
172.70.162.152 - - [27/Feb/2026:23:51:18 +0000] "GET /api/.env HTTP/1.1" 301 4026 "-" "Mozilla/5.0 (Windows NT 10.0; Win64; x64; rv:121.0) Gecko/20100101 Firefox/121.0"
172.64.192.53 - - [27/Feb/2026:23:51:18 +0000] "GET /.git/refs/heads/master HTTP/1.1" 301 741 "-" "Mozilla/5.0 (Windows NT 10.0; Win64; x64) AppleWebKit/537.36 (KHTML, like Gecko) Chrome/120.0.0.0 Safari/537.36 Edg/120.0.0.0"
172.71.241.164 - - [27/Feb/2026:23:51:18 +0000] "GET /laravel/.env HTTP/1.1" 301 721 "-" "Mozilla/5.0 (Windows NT 10.0; Win64; x64) AppleWebKit/537.36 (KHTML, like Gecko) Chrome/121.0.0.0 Safari/537.36"
172.69.224.52 - - [27/Feb/2026:23:51:19 +0000] "GET /.git/refs/remotes/origin/HEAD HTTP/1.1" 301 755 "-" "Mozilla/5.0 (Windows NT 10.0; Win64; x64) AppleWebKit/537.36 (KHTML, like Gecko) Chrome/120.0.0.0 Safari/537.36"
172.64.192.53 - - [27/Feb/2026:23:51:19 +0000] "GET /.git/packed-refs HTTP/1.1" 301 729 "-" "Mozilla/5.0 (Windows NT 10.0; Win64; x64) AppleWebKit/537.36 (KHTML, like Gecko) Chrome/120.0.0.0 Safari/537.36"
141.101.99.216 - - [27/Feb/2026:23:51:19 +0000] "GET /.git/objects HTTP/1.1" 301 4034 "-" "Mozilla/5.0 (X11; Linux x86_64; rv:121.0) Gecko/20100101 Firefox/121.0"
172.64.192.53 - - [27/Feb/2026:23:51:20 +0000] "GET /.git/COMMIT_EDITMSG HTTP/1.1" 301 735 "-" "Mozilla/5.0 (Macintosh; Intel Mac OS X 10_15_7) AppleWebKit/537.36 (KHTML, like Gecko) Chrome/120.0.0.0 Safari/537.36"
162.158.216.52 - - [27/Feb/2026:23:51:20 +0000] "GET /.git/description HTTP/1.1" 301 729 "-" "Mozilla/5.0 (Windows NT 10.0; Win64; x64) AppleWebKit/537.36 (KHTML, like Gecko) Chrome/122.0.0.0 Safari/537.36"
172.69.224.52 - - [27/Feb/2026:23:51:20 +0000] "GET /.git/logs/refs/heads/master HTTP/1.1" 301 751 "-" "Mozilla/5.0 (X11; Linux x86_64; rv:121.0) Gecko/20100101 Firefox/121.0"
172.70.85.58 - - [27/Feb/2026:23:51:20 +0000] "GET /.git/logs/refs/heads/main HTTP/1.1" 301 747 "-" "Mozilla/5.0 (X11; Linux x86_64) AppleWebKit/537.36 (KHTML, like Gecko) Chrome/120.0.0.0 Safari/537.36"
141.101.99.216 - - [27/Feb/2026:23:51:21 +0000] "GET /.git/FETCH_HEAD HTTP/1.1" 301 727 "-" "Mozilla/5.0 (Macintosh; Intel Mac OS X 10_15_7) AppleWebKit/605.1.15 (KHTML, like Gecko) Version/17.2 Safari/605.1.15"
172.70.162.152 - - [27/Feb/2026:23:51:21 +0000] "GET /.git/logs/refs/remotes/origin/master HTTP/1.1" 301 769 "-" "Mozilla/5.0 (X11; Linux x86_64; rv:121.0) Gecko/20100101 Firefox/121.0"
172.70.85.58 - - [27/Feb/2026:23:51:21 +0000] "GET /.env.aws HTTP/1.1" 301 713 "-" "Mozilla/5.0 (X11; Linux x86_64; rv:121.0) Gecko/20100101 Firefox/121.0"
172.70.162.152 - - [27/Feb/2026:23:51:21 +0000] "GET /app/terraform.tfstate HTTP/1.1" 301 739 "-" "Mozilla/5.0 (Macintosh; Intel Mac OS X 10.15; rv:121.0) Gecko/20100101 Firefox/121.0"
172.69.43.240 - - [27/Feb/2026:23:51:23 +0000] "GET /.git/hooks HTTP/1.1" 301 4030 "-" "Mozilla/5.0 (Windows NT 10.0; Win64; x64) AppleWebKit/537.36 (KHTML, like Gecko) Chrome/122.0.0.0 Safari/537.36"
172.71.241.164 - - [27/Feb/2026:23:51:23 +0000] "GET /.github/workflows HTTP/1.1" 301 4044 "-" "Mozilla/5.0 (Windows NT 10.0; Win64; x64) AppleWebKit/537.36 (KHTML, like Gecko) Chrome/121.0.0.0 Safari/537.36"
172.71.241.164 - - [27/Feb/2026:23:51:24 +0000] "GET /.git/info/exclude HTTP/1.1" 301 731 "-" "Mozilla/5.0 (Windows NT 10.0; Win64; x64; rv:121.0) Gecko/20100101 Firefox/121.0"
172.69.224.52 - - [27/Feb/2026:23:51:24 +0000] "GET /.github/workflows/main.yml HTTP/1.1" 301 749 "-" "Mozilla/5.0 (Windows NT 10.0; Win64; x64) AppleWebKit/537.36 (KHTML, like Gecko) Chrome/120.0.0.0 Safari/537.36 Edg/120.0.0.0"
172.68.229.67 - - [27/Feb/2026:23:51:24 +0000] "GET /.github/workflows/ci.yml HTTP/1.1" 301 4058 "-" "Mozilla/5.0 (Macintosh; Intel Mac OS X 10.15; rv:121.0) Gecko/20100101 Firefox/121.0"
172.71.241.164 - - [27/Feb/2026:23:51:25 +0000] "GET /.github/CODEOWNERS HTTP/1.1" 301 733 "-" "Mozilla/5.0 (Windows NT 10.0; Win64; x64) AppleWebKit/537.36 (KHTML, like Gecko) Chrome/120.0.0.0 Safari/537.36"
172.69.43.240 - - [27/Feb/2026:23:51:25 +0000] "GET /.github/ISSUE_TEMPLATE HTTP/1.1" 301 741 "-" "Mozilla/5.0 (Windows NT 10.0; Win64; x64) AppleWebKit/537.36 (KHTML, like Gecko) Chrome/122.0.0.0 Safari/537.36"
172.69.43.240 - - [27/Feb/2026:23:51:25 +0000] "GET /.github/PULL_REQUEST_TEMPLATE.md HTTP/1.1" 301 761 "-" "Mozilla/5.0 (X11; Linux x86_64; rv:121.0) Gecko/20100101 Firefox/121.0"
172.69.43.240 - - [27/Feb/2026:23:51:26 +0000] "GET /.github/funding.yml HTTP/1.1" 301 735 "-" "Mozilla/5.0 (Windows NT 10.0; Win64; x64) AppleWebKit/537.36 (KHTML, like Gecko) Chrome/121.0.0.0 Safari/537.36"
141.101.99.215 - - [27/Feb/2026:23:51:26 +0000] "GET /.gitlab-ci.yml HTTP/1.1" 301 4038 "-" "Mozilla/5.0 (Windows NT 10.0; Win64; x64; rv:121.0) Gecko/20100101 Firefox/121.0"
172.68.229.67 - - [27/Feb/2026:23:51:26 +0000] "GET /.git/ORIG_HEAD HTTP/1.1" 301 725 "-" "Mozilla/5.0 (Macintosh; Intel Mac OS X 10_15_7) AppleWebKit/537.36 (KHTML, like Gecko) Chrome/120.0.0.0 Safari/537.36"
172.70.85.59 - - [27/Feb/2026:23:51:27 +0000] "GET /.gitlab HTTP/1.1" 301 4024 "-" "Mozilla/5.0 (Windows NT 10.0; Win64; x64) AppleWebKit/537.36 (KHTML, like Gecko) Chrome/122.0.0.0 Safari/537.36"
172.71.241.164 - - [27/Feb/2026:23:51:27 +0000] "GET /.github HTTP/1.1" 301 711 "-" "Mozilla/5.0 (Windows NT 10.0; Win64; x64) AppleWebKit/537.36 (KHTML, like Gecko) Chrome/120.0.0.0 Safari/537.36"
172.69.224.52 - - [27/Feb/2026:23:51:27 +0000] "GET /.gitlab/issue_templates HTTP/1.1" 301 743 "-" "Mozilla/5.0 (X11; Linux x86_64) AppleWebKit/537.36 (KHTML, like Gecko) Chrome/120.0.0.0 Safari/537.36"
172.71.178.73 - - [27/Feb/2026:23:51:27 +0000] "GET /.gitlab/merge_request_templates HTTP/1.1" 301 4072 "-" "Mozilla/5.0 (Windows NT 10.0; Win64; x64; rv:121.0) Gecko/20100101 Firefox/121.0"
172.68.229.67 - - [27/Feb/2026:23:51:28 +0000] "GET /.github/dependabot.yml HTTP/1.1" 301 741 "-" "Mozilla/5.0 (X11; Linux x86_64; rv:121.0) Gecko/20100101 Firefox/121.0"
172.68.229.67 - - [27/Feb/2026:23:51:29 +0000] "GET /app/amplify.yaml HTTP/1.1" 301 729 "-" "Mozilla/5.0 (Macintosh; Intel Mac OS X 10_15_7) AppleWebKit/605.1.15 (KHTML, like Gecko) Version/17.2 Safari/605.1.15"
172.69.224.52 - - [27/Feb/2026:23:51:29 +0000] "GET /.gitmodules HTTP/1.1" 301 719 "-" "Mozilla/5.0 (Macintosh; Intel Mac OS X 10_15_7) AppleWebKit/605.1.15 (KHTML, like Gecko) Version/17.2 Safari/605.1.15"
172.71.178.73 - - [27/Feb/2026:23:51:29 +0000] "GET /.git-credentials HTTP/1.1" 301 729 "-" "Mozilla/5.0 (X11; Linux x86_64; rv:121.0) Gecko/20100101 Firefox/121.0"
141.101.99.215 - - [27/Feb/2026:23:51:30 +0000] "GET /.github/stale.yml HTTP/1.1" 301 731 "-" "Mozilla/5.0 (Macintosh; Intel Mac OS X 10_15_7) AppleWebKit/605.1.15 (KHTML, like Gecko) Version/17.2 Safari/605.1.15"
162.158.216.53 - - [27/Feb/2026:23:51:30 +0000] "GET /.git-askpass.sh HTTP/1.1" 301 4040 "-" "Mozilla/5.0 (Windows NT 10.0; Win64; x64) AppleWebKit/537.36 (KHTML, like Gecko) Chrome/120.0.0.0 Safari/537.36"
172.71.241.164 - - [27/Feb/2026:23:51:30 +0000] "GET /.git-secret HTTP/1.1" 301 719 "-" "Mozilla/5.0 (Windows NT 10.0; Win64; x64) AppleWebKit/537.36 (KHTML, like Gecko) Chrome/121.0.0.0 Safari/537.36"
172.64.192.53 - - [27/Feb/2026:23:51:30 +0000] "GET /.git/hooks/pre-commit HTTP/1.1" 301 4052 "-" "Mozilla/5.0 (Windows NT 10.0; Win64; x64; rv:121.0) Gecko/20100101 Firefox/121.0"
172.71.241.164 - - [27/Feb/2026:23:51:31 +0000] "GET /.git/hooks/post-commit HTTP/1.1" 301 741 "-" "Mozilla/5.0 (Windows NT 10.0; Win64; x64) AppleWebKit/537.36 (KHTML, like Gecko) Chrome/120.0.0.0 Safari/537.36"
141.101.99.215 - - [27/Feb/2026:23:51:33 +0000] "GET /.git/objects/info HTTP/1.1" 301 731 "-" "Mozilla/5.0 (Windows NT 10.0; Win64; x64) AppleWebKit/537.36 (KHTML, like Gecko) Chrome/120.0.0.0 Safari/537.36 Edg/120.0.0.0"
172.71.241.164 - - [27/Feb/2026:23:51:33 +0000] "GET /.git/refs/heads/main HTTP/1.1" 301 737 "-" "Mozilla/5.0 (X11; Linux x86_64; rv:121.0) Gecko/20100101 Firefox/121.0"
162.158.216.53 - - [27/Feb/2026:23:51:33 +0000] "GET /.gitignore HTTP/1.1" 301 717 "-" "Mozilla/5.0 (Windows NT 10.0; Win64; x64) AppleWebKit/537.36 (KHTML, like Gecko) Chrome/120.0.0.0 Safari/537.36"
172.71.241.164 - - [27/Feb/2026:23:51:33 +0000] "GET /.git/objects/pack HTTP/1.1" 301 731 "-" "Mozilla/5.0 (Windows NT 10.0; Win64; x64) AppleWebKit/537.36 (KHTML, like Gecko) Chrome/120.0.0.0 Safari/537.36"
141.101.99.215 - - [27/Feb/2026:23:51:34 +0000] "GET /.gitattributes HTTP/1.1" 301 725 "-" "Mozilla/5.0 (Windows NT 10.0; Win64; x64) AppleWebKit/537.36 (KHTML, like Gecko) Chrome/120.0.0.0 Safari/537.36 Edg/120.0.0.0"
172.68.229.66 - - [27/Feb/2026:23:51:34 +0000] "GET /.git/config.bak HTTP/1.1" 301 4040 "-" "Mozilla/5.0 (Macintosh; Intel Mac OS X 10_15_7) AppleWebKit/537.36 (KHTML, like Gecko) Chrome/120.0.0.0 Safari/537.36"
172.69.224.53 - - [27/Feb/2026:23:51:34 +0000] "GET /.git/config~ HTTP/1.1" 301 4034 "-" "Mozilla/5.0 (Macintosh; Intel Mac OS X 10.15; rv:121.0) Gecko/20100101 Firefox/121.0"
172.64.192.53 - - [27/Feb/2026:23:51:34 +0000] "GET /.git/ HTTP/1.1" 301 707 "-" "Mozilla/5.0 (Macintosh; Intel Mac OS X 10.15; rv:121.0) Gecko/20100101 Firefox/121.0"
162.158.216.53 - - [27/Feb/2026:23:51:35 +0000] "GET /root/.git-credentials HTTP/1.1" 301 739 "-" "Mozilla/5.0 (X11; Linux x86_64) AppleWebKit/537.36 (KHTML, like Gecko) Chrome/120.0.0.0 Safari/537.36"
172.70.162.152 - - [27/Feb/2026:23:51:35 +0000] "GET /root/.gitconfig HTTP/1.1" 301 4040 "-" "Mozilla/5.0 (Windows NT 10.0; Win64; x64) AppleWebKit/537.36 (KHTML, like Gecko) Chrome/120.0.0.0 Safari/537.36"
172.71.241.164 - - [27/Feb/2026:23:51:35 +0000] "GET /root/.netrc HTTP/1.1" 301 719 "-" "Mozilla/5.0 (Windows NT 10.0; Win64; x64) AppleWebKit/537.36 (KHTML, like Gecko) Chrome/122.0.0.0 Safari/537.36"
172.71.178.72 - - [27/Feb/2026:23:51:35 +0000] "GET /app/.git/config HTTP/1.1" 301 4040 "-" "Mozilla/5.0 (X11; Linux x86_64) AppleWebKit/537.36 (KHTML, like Gecko) Chrome/120.0.0.0 Safari/537.36"
172.69.43.241 - - [27/Feb/2026:23:51:36 +0000] "GET /wp-json/wp/v2/users HTTP/1.1" 301 4048 "-" "Mozilla/5.0 (Windows NT 10.0; Win64; x64) AppleWebKit/537.36 (KHTML, like Gecko) Chrome/120.0.0.0 Safari/537.36 Edg/120.0.0.0"
172.70.162.152 - - [27/Feb/2026:23:51:36 +0000] "GET /wp-content/debug.log HTTP/1.1" 301 737 "-" "Mozilla/5.0 (Windows NT 10.0; Win64; x64) AppleWebKit/537.36 (KHTML, like Gecko) Chrome/121.0.0.0 Safari/537.36"
172.64.192.53 - - [27/Feb/2026:23:51:36 +0000] "GET /.gitlab-ci HTTP/1.1" 301 717 "-" "Mozilla/5.0 (Macintosh; Intel Mac OS X 10_15_7) AppleWebKit/605.1.15 (KHTML, like Gecko) Version/17.2 Safari/605.1.15"
172.71.241.164 - - [27/Feb/2026:23:51:36 +0000] "GET /_profiler/phpinfo HTTP/1.1" 301 731 "-" "Mozilla/5.0 (X11; Linux x86_64) AppleWebKit/537.36 (KHTML, like Gecko) Chrome/120.0.0.0 Safari/537.36"
141.101.99.215 - - [27/Feb/2026:23:51:37 +0000] "GET /phpinfo.php HTTP/1.1" 301 719 "-" "Mozilla/5.0 (Windows NT 10.0; Win64; x64) AppleWebKit/537.36 (KHTML, like Gecko) Chrome/120.0.0.0 Safari/537.36 Edg/120.0.0.0"
172.68.229.66 - - [27/Feb/2026:23:51:37 +0000] "GET /.git/config.old HTTP/1.1" 301 727 "-" "Mozilla/5.0 (Windows NT 10.0; Win64; x64) AppleWebKit/537.36 (KHTML, like Gecko) Chrome/121.0.0.0 Safari/537.36"
172.71.178.72 - - [27/Feb/2026:23:51:37 +0000] "GET /etc/apache2/apache2.conf HTTP/1.1" 301 745 "-" "Mozilla/5.0 (Windows NT 10.0; Win64; x64; rv:121.0) Gecko/20100101 Firefox/121.0"
172.70.85.58 - - [27/Feb/2026:23:51:38 +0000] "GET /webhook HTTP/1.1" 301 4024 "-" "Mozilla/5.0 (Macintosh; Intel Mac OS X 10_15_7) AppleWebKit/537.36 (KHTML, like Gecko) Chrome/120.0.0.0 Safari/537.36"
172.69.224.53 - - [27/Feb/2026:23:51:38 +0000] "GET /form HTTP/1.1" 301 705 "-" "Mozilla/5.0 (Windows NT 10.0; Win64; x64) AppleWebKit/537.36 (KHTML, like Gecko) Chrome/120.0.0.0 Safari/537.36"
172.69.43.241 - - [27/Feb/2026:23:51:38 +0000] "GET /rest/oauth1-credential/auth HTTP/1.1" 301 751 "-" "Mozilla/5.0 (Windows NT 10.0; Win64; x64) AppleWebKit/537.36 (KHTML, like Gecko) Chrome/122.0.0.0 Safari/537.36"
172.64.192.53 - - [27/Feb/2026:23:51:39 +0000] "GET /rest/oauth2-credential/auth HTTP/1.1" 301 751 "-" "Mozilla/5.0 (Windows NT 10.0; Win64; x64) AppleWebKit/537.36 (KHTML, like Gecko) Chrome/120.0.0.0 Safari/537.36 Edg/120.0.0.0"
172.71.178.72 - - [27/Feb/2026:23:51:39 +0000] "GET /.git/info HTTP/1.1" 301 715 "-" "Mozilla/5.0 (Windows NT 10.0; Win64; x64) AppleWebKit/537.36 (KHTML, like Gecko) Chrome/121.0.0.0 Safari/537.36"
162.158.216.53 - - [27/Feb/2026:23:51:41 +0000] "GET /api/v1/workflows HTTP/1.1" 301 4042 "-" "Mozilla/5.0 (Macintosh; Intel Mac OS X 10_15_7) AppleWebKit/537.36 (KHTML, like Gecko) Chrome/120.0.0.0 Safari/537.36"
172.71.178.72 - - [27/Feb/2026:23:51:41 +0000] "GET /api/v1/executions HTTP/1.1" 301 731 "-" "Mozilla/5.0 (Windows NT 10.0; Win64; x64) AppleWebKit/537.36 (KHTML, like Gecko) Chrome/120.0.0.0 Safari/537.36"
172.69.43.241 - - [27/Feb/2026:23:51:41 +0000] "GET /api/v1/credentials HTTP/1.1" 301 733 "-" "Mozilla/5.0 (Macintosh; Intel Mac OS X 10_15_7) AppleWebKit/605.1.15 (KHTML, like Gecko) Version/17.2 Safari/605.1.15"
141.101.99.215 - - [27/Feb/2026:23:51:41 +0000] "GET /__debug HTTP/1.1" 301 711 "-" "Mozilla/5.0 (Windows NT 10.0; Win64; x64) AppleWebKit/537.36 (KHTML, like Gecko) Chrome/120.0.0.0 Safari/537.36"
172.69.43.241 - - [27/Feb/2026:23:51:42 +0000] "GET /metrics HTTP/1.1" 301 711 "-" "Mozilla/5.0 (Windows NT 10.0; Win64; x64) AppleWebKit/537.36 (KHTML, like Gecko) Chrome/121.0.0.0 Safari/537.36"
172.71.241.165 - - [27/Feb/2026:23:51:42 +0000] "GET /rest/settings HTTP/1.1" 301 4036 "-" "Mozilla/5.0 (Windows NT 10.0; Win64; x64) AppleWebKit/537.36 (KHTML, like Gecko) Chrome/122.0.0.0 Safari/537.36"
172.70.85.58 - - [27/Feb/2026:23:51:42 +0000] "GET /rest/workflows HTTP/1.1" 301 725 "-" "Mozilla/5.0 (Windows NT 10.0; Win64; x64) AppleWebKit/537.36 (KHTML, like Gecko) Chrome/120.0.0.0 Safari/537.36"
172.64.192.53 - - [27/Feb/2026:23:51:43 +0000] "GET /rest/login HTTP/1.1" 301 717 "-" "Mozilla/5.0 (Windows NT 10.0; Win64; x64) AppleWebKit/537.36 (KHTML, like Gecko) Chrome/122.0.0.0 Safari/537.36"
172.71.178.72 - - [27/Feb/2026:23:51:43 +0000] "GET /rest/logout HTTP/1.1" 301 719 "-" "Mozilla/5.0 (Macintosh; Intel Mac OS X 10_15_7) AppleWebKit/537.36 (KHTML, like Gecko) Chrome/120.0.0.0 Safari/537.36"
172.71.178.72 - - [27/Feb/2026:23:51:43 +0000] "GET /rest/executions HTTP/1.1" 301 727 "-" "Mozilla/5.0 (Macintosh; Intel Mac OS X 10_15_7) AppleWebKit/605.1.15 (KHTML, like Gecko) Version/17.2 Safari/605.1.15"
172.71.241.165 - - [27/Feb/2026:23:51:43 +0000] "GET /rest/node-types HTTP/1.1" 301 727 "-" "Mozilla/5.0 (Windows NT 10.0; Win64; x64) AppleWebKit/537.36 (KHTML, like Gecko) Chrome/120.0.0.0 Safari/537.36"
172.64.192.53 - - [27/Feb/2026:23:51:43 +0000] "GET /rest/credentials-for-node HTTP/1.1" 301 747 "-" "Mozilla/5.0 (X11; Linux x86_64; rv:121.0) Gecko/20100101 Firefox/121.0"
172.64.192.53 - - [27/Feb/2026:23:51:44 +0000] "GET /rest/tags HTTP/1.1" 301 715 "-" "Mozilla/5.0 (X11; Linux x86_64) AppleWebKit/537.36 (KHTML, like Gecko) Chrome/120.0.0.0 Safari/537.36"
172.68.229.66 - - [27/Feb/2026:23:51:44 +0000] "GET /rest/variables HTTP/1.1" 301 4038 "-" "Mozilla/5.0 (Windows NT 10.0; Win64; x64) AppleWebKit/537.36 (KHTML, like Gecko) Chrome/122.0.0.0 Safari/537.36"
141.101.99.215 - - [27/Feb/2026:23:51:44 +0000] "GET /rest/workflows/run HTTP/1.1" 301 733 "-" "Mozilla/5.0 (Windows NT 10.0; Win64; x64) AppleWebKit/537.36 (KHTML, like Gecko) Chrome/120.0.0.0 Safari/537.36 Edg/120.0.0.0"
141.101.99.215 - - [27/Feb/2026:23:51:44 +0000] "GET /rest/license HTTP/1.1" 301 721 "-" "Mozilla/5.0 (Macintosh; Intel Mac OS X 10.15; rv:121.0) Gecko/20100101 Firefox/121.0"
172.64.192.53 - - [27/Feb/2026:23:51:45 +0000] "GET /healthz HTTP/1.1" 301 711 "-" "Mozilla/5.0 (Windows NT 10.0; Win64; x64) AppleWebKit/537.36 (KHTML, like Gecko) Chrome/120.0.0.0 Safari/537.36 Edg/120.0.0.0"
162.158.216.53 - - [27/Feb/2026:23:51:45 +0000] "GET /sysinfo.cgi HTTP/1.1" 301 719 "-" "Mozilla/5.0 (Windows NT 10.0; Win64; x64; rv:121.0) Gecko/20100101 Firefox/121.0"
162.158.216.53 - - [27/Feb/2026:23:51:45 +0000] "GET /proc/index.cgi HTTP/1.1" 301 725 "-" "Mozilla/5.0 (Macintosh; Intel Mac OS X 10.15; rv:121.0) Gecko/20100101 Firefox/121.0"
141.101.99.215 - - [27/Feb/2026:23:51:46 +0000] "GET /servers/link.cgi HTTP/1.1" 301 729 "-" "Mozilla/5.0 (Windows NT 10.0; Win64; x64) AppleWebKit/537.36 (KHTML, like Gecko) Chrome/120.0.0.0 Safari/537.36"
172.68.229.66 - - [27/Feb/2026:23:51:46 +0000] "GET /servers/save.cgi HTTP/1.1" 301 729 "-" "Mozilla/5.0 (Macintosh; Intel Mac OS X 10.15; rv:121.0) Gecko/20100101 Firefox/121.0"
172.70.85.58 - - [27/Feb/2026:23:51:48 +0000] "GET /package-updates/apt.cgi HTTP/1.1" 301 4056 "-" "Mozilla/5.0 (Windows NT 10.0; Win64; x64) AppleWebKit/537.36 (KHTML, like Gecko) Chrome/122.0.0.0 Safari/537.36"
172.69.224.53 - - [27/Feb/2026:23:51:48 +0000] "GET /rest/users HTTP/1.1" 301 4030 "-" "Mozilla/5.0 (Windows NT 10.0; Win64; x64) AppleWebKit/537.36 (KHTML, like Gecko) Chrome/120.0.0.0 Safari/537.36"
162.158.216.53 - - [27/Feb/2026:23:51:48 +0000] "GET /package-updates/yum.cgi HTTP/1.1" 301 743 "-" "Mozilla/5.0 (Macintosh; Intel Mac OS X 10_15_7) AppleWebKit/605.1.15 (KHTML, like Gecko) Version/17.2 Safari/605.1.15"
141.101.99.215 - - [27/Feb/2026:23:51:48 +0000] "GET /package-updates/save.cgi HTTP/1.1" 301 745 "-" "Mozilla/5.0 (Macintosh; Intel Mac OS X 10.15; rv:121.0) Gecko/20100101 Firefox/121.0"
172.69.43.240 - - [27/Feb/2026:23:51:48 +0000] "GET /rest/credential-translation HTTP/1.1" 301 4064 "-" "Mozilla/5.0 (X11; Linux x86_64; rv:121.0) Gecko/20100101 Firefox/121.0"
172.70.85.58 - - [27/Feb/2026:23:51:49 +0000] "GET /package-updates/refresh.cgi HTTP/1.1" 301 751 "-" "Mozilla/5.0 (Windows NT 10.0; Win64; x64) AppleWebKit/537.36 (KHTML, like Gecko) Chrome/120.0.0.0 Safari/537.36"
172.64.192.53 - - [27/Feb/2026:23:51:50 +0000] "GET /package-updates/update.cgi HTTP/1.1" 301 749 "-" "Mozilla/5.0 (Macintosh; Intel Mac OS X 10_15_7) AppleWebKit/537.36 (KHTML, like Gecko) Chrome/120.0.0.0 Safari/537.36"
172.69.224.53 - - [27/Feb/2026:23:51:50 +0000] "GET /package-updates/index.cgi HTTP/1.1" 301 747 "-" "Mozilla/5.0 (Windows NT 10.0; Win64; x64) AppleWebKit/537.36 (KHTML, like Gecko) Chrome/120.0.0.0 Safari/537.36"
172.64.192.53 - - [27/Feb/2026:23:51:50 +0000] "GET /software/update.cgi HTTP/1.1" 301 735 "-" "Mozilla/5.0 (Windows NT 10.0; Win64; x64) AppleWebKit/537.36 (KHTML, like Gecko) Chrome/121.0.0.0 Safari/537.36"
172.71.241.165 - - [27/Feb/2026:23:51:51 +0000] "GET /package-updates/ HTTP/1.1" 301 4042 "-" "Mozilla/5.0 (Windows NT 10.0; Win64; x64) AppleWebKit/537.36 (KHTML, like Gecko) Chrome/122.0.0.0 Safari/537.36"
162.158.216.53 - - [27/Feb/2026:23:51:52 +0000] "GET /webmin/package-updates/update.cgi HTTP/1.1" 301 763 "-" "Mozilla/5.0 (Windows NT 10.0; Win64; x64) AppleWebKit/537.36 (KHTML, like Gecko) Chrome/121.0.0.0 Safari/537.36"
141.101.99.215 - - [27/Feb/2026:23:51:52 +0000] "GET /dnscfg.cgi HTTP/1.1" 301 717 "-" "Mozilla/5.0 (X11; Linux x86_64; rv:121.0) Gecko/20100101 Firefox/121.0"
172.70.85.58 - - [27/Feb/2026:23:51:52 +0000] "GET /__nextjs_action HTTP/1.1" 301 727 "-" "Mozilla/5.0 (Windows NT 10.0; Win64; x64) AppleWebKit/537.36 (KHTML, like Gecko) Chrome/121.0.0.0 Safari/537.36"
141.101.99.215 - - [27/Feb/2026:23:51:53 +0000] "GET /package-updates/perform.cgi HTTP/1.1" 301 751 "-" "Mozilla/5.0 (Windows NT 10.0; Win64; x64) AppleWebKit/537.36 (KHTML, like Gecko) Chrome/120.0.0.0 Safari/537.36"
172.68.229.66 - - [27/Feb/2026:23:51:53 +0000] "GET /about HTTP/1.1" 301 4020 "-" "Mozilla/5.0 (X11; Linux x86_64) AppleWebKit/537.36 (KHTML, like Gecko) Chrome/120.0.0.0 Safari/537.36"
172.64.192.53 - - [27/Feb/2026:23:51:53 +0000] "GET /contact HTTP/1.1" 301 711 "-" "Mozilla/5.0 (Macintosh; Intel Mac OS X 10_15_7) AppleWebKit/605.1.15 (KHTML, like Gecko) Version/17.2 Safari/605.1.15"
172.70.85.58 - - [27/Feb/2026:23:51:53 +0000] "GET /package-updates/download.cgi HTTP/1.1" 301 753 "-" "Mozilla/5.0 (Windows NT 10.0; Win64; x64) AppleWebKit/537.36 (KHTML, like Gecko) Chrome/120.0.0.0 Safari/537.36 Edg/120.0.0.0"
172.69.224.53 - - [27/Feb/2026:23:51:53 +0000] "GET /products HTTP/1.1" 301 713 "-" "Mozilla/5.0 (Macintosh; Intel Mac OS X 10_15_7) AppleWebKit/537.36 (KHTML, like Gecko) Chrome/120.0.0.0 Safari/537.36"
172.69.43.240 - - [27/Feb/2026:23:51:53 +0000] "GET /package-updates/install.cgi HTTP/1.1" 301 751 "-" "Mozilla/5.0 (X11; Linux x86_64; rv:121.0) Gecko/20100101 Firefox/121.0"
172.70.162.151 - - [27/Feb/2026:23:51:54 +0000] "GET /chat HTTP/1.1" 301 4018 "-" "Mozilla/5.0 (Windows NT 10.0; Win64; x64) AppleWebKit/537.36 (KHTML, like Gecko) Chrome/120.0.0.0 Safari/537.36"
172.64.192.53 - - [27/Feb/2026:23:51:54 +0000] "GET /blog HTTP/1.1" 301 705 "-" "Mozilla/5.0 (Windows NT 10.0; Win64; x64) AppleWebKit/537.36 (KHTML, like Gecko) Chrome/121.0.0.0 Safari/537.36"
172.69.43.240 - - [27/Feb/2026:23:51:54 +0000] "GET /docs HTTP/1.1" 301 705 "-" "Mozilla/5.0 (Macintosh; Intel Mac OS X 10_15_7) AppleWebKit/537.36 (KHTML, like Gecko) Chrome/120.0.0.0 Safari/537.36"
172.71.178.73 - - [27/Feb/2026:23:51:54 +0000] "GET /graphql HTTP/1.1" 301 4024 "-" "Mozilla/5.0 (Windows NT 10.0; Win64; x64; rv:121.0) Gecko/20100101 Firefox/121.0"
172.71.241.165 - - [27/Feb/2026:23:51:57 +0000] "GET /signup HTTP/1.1" 301 4022 "-" "Mozilla/5.0 (X11; Linux x86_64; rv:121.0) Gecko/20100101 Firefox/121.0"
172.69.224.53 - - [27/Feb/2026:23:51:57 +0000] "GET /checkout HTTP/1.1" 301 713 "-" "Mozilla/5.0 (Windows NT 10.0; Win64; x64; rv:121.0) Gecko/20100101 Firefox/121.0"
172.68.229.67 - - [27/Feb/2026:23:51:58 +0000] "GET /sendgrid.env HTTP/1.1" 301 4034 "-" "Mozilla/5.0 (Macintosh; Intel Mac OS X 10.15; rv:121.0) Gecko/20100101 Firefox/121.0"
172.64.192.52 - - [27/Feb/2026:23:51:59 +0000] "GET /.env.development HTTP/1.1" 301 4042 "-" "Mozilla/5.0 (Windows NT 10.0; Win64; x64) AppleWebKit/537.36 (KHTML, like Gecko) Chrome/120.0.0.0 Safari/537.36 Edg/120.0.0.0"
172.71.178.73 - - [27/Feb/2026:23:51:59 +0000] "GET /test HTTP/1.1" 301 705 "-" "Mozilla/5.0 (Windows NT 10.0; Win64; x64; rv:121.0) Gecko/20100101 Firefox/121.0"
172.68.229.67 - - [27/Feb/2026:23:51:59 +0000] "GET /.env.production HTTP/1.1" 301 727 "-" "Mozilla/5.0 (Windows NT 10.0; Win64; x64) AppleWebKit/537.36 (KHTML, like Gecko) Chrome/121.0.0.0 Safari/537.36"
172.71.241.165 - - [27/Feb/2026:23:52:00 +0000] "GET /oauth/authorize HTTP/1.1" 301 727 "-" "Mozilla/5.0 (Macintosh; Intel Mac OS X 10_15_7) AppleWebKit/605.1.15 (KHTML, like Gecko) Version/17.2 Safari/605.1.15"
141.101.99.215 - - [27/Feb/2026:23:52:00 +0000] "GET /api/login HTTP/1.1" 301 4028 "-" "Mozilla/5.0 (Windows NT 10.0; Win64; x64; rv:121.0) Gecko/20100101 Firefox/121.0"
172.71.241.165 - - [27/Feb/2026:23:52:03 +0000] "GET /api/credentials HTTP/1.1" 301 727 "-" "Mozilla/5.0 (Windows NT 10.0; Win64; x64) AppleWebKit/537.36 (KHTML, like Gecko) Chrome/120.0.0.0 Safari/537.36 Edg/120.0.0.0"
172.71.241.165 - - [27/Feb/2026:23:52:03 +0000] "GET /cart HTTP/1.1" 301 705 "-" "Mozilla/5.0 (Windows NT 10.0; Win64; x64; rv:121.0) Gecko/20100101 Firefox/121.0"
172.69.43.241 - - [27/Feb/2026:23:52:03 +0000] "GET /.env.local HTTP/1.1" 301 4030 "-" "Mozilla/5.0 (Windows NT 10.0; Win64; x64; rv:121.0) Gecko/20100101 Firefox/121.0"
172.64.192.52 - - [27/Feb/2026:23:52:03 +0000] "GET /.well-known/acme-challenge/ HTTP/1.1" 301 751 "-" "Mozilla/5.0 (Windows NT 10.0; Win64; x64) AppleWebKit/537.36 (KHTML, like Gecko) Chrome/121.0.0.0 Safari/537.36"
172.68.229.67 - - [27/Feb/2026:23:52:04 +0000] "GET /controlpanel HTTP/1.1" 301 721 "-" "Mozilla/5.0 (X11; Linux x86_64; rv:121.0) Gecko/20100101 Firefox/121.0"
172.64.192.52 - - [27/Feb/2026:23:52:04 +0000] "GET /.env.testing HTTP/1.1" 301 721 "-" "Mozilla/5.0 (Macintosh; Intel Mac OS X 10.15; rv:121.0) Gecko/20100101 Firefox/121.0"
172.71.178.73 - - [27/Feb/2026:23:52:04 +0000] "GET /.cache HTTP/1.1" 301 709 "-" "Mozilla/5.0 (Macintosh; Intel Mac OS X 10_15_7) AppleWebKit/537.36 (KHTML, like Gecko) Chrome/120.0.0.0 Safari/537.36"
172.71.241.165 - - [27/Feb/2026:23:52:04 +0000] "GET /software/install-updates.cgi HTTP/1.1" 301 753 "-" "Mozilla/5.0 (Macintosh; Intel Mac OS X 10_15_7) AppleWebKit/537.36 (KHTML, like Gecko) Chrome/120.0.0.0 Safari/537.36"
172.64.192.52 - - [27/Feb/2026:23:52:04 +0000] "GET /admin.html HTTP/1.1" 301 717 "-" "Mozilla/5.0 (X11; Linux x86_64) AppleWebKit/537.36 (KHTML, like Gecko) Chrome/120.0.0.0 Safari/537.36"
172.71.178.73 - - [27/Feb/2026:23:52:05 +0000] "GET /.well-known/stripe.txt HTTP/1.1" 301 741 "-" "Mozilla/5.0 (Windows NT 10.0; Win64; x64) AppleWebKit/537.36 (KHTML, like Gecko) Chrome/120.0.0.0 Safari/537.36"
172.64.192.52 - - [27/Feb/2026:23:52:06 +0000] "GET /login HTTP/1.1" 301 707 "-" "Mozilla/5.0 (Windows NT 10.0; Win64; x64) AppleWebKit/537.36 (KHTML, like Gecko) Chrome/120.0.0.0 Safari/537.36 Edg/120.0.0.0"
172.64.192.52 - - [27/Feb/2026:23:52:06 +0000] "GET /register HTTP/1.1" 301 713 "-" "Mozilla/5.0 (X11; Linux x86_64; rv:121.0) Gecko/20100101 Firefox/121.0"
141.101.99.216 - - [27/Feb/2026:23:52:07 +0000] "GET /stripe.yaml HTTP/1.1" 301 4032 "-" "Mozilla/5.0 (Macintosh; Intel Mac OS X 10_15_7) AppleWebKit/605.1.15 (KHTML, like Gecko) Version/17.2 Safari/605.1.15"
172.68.229.67 - - [27/Feb/2026:23:52:07 +0000] "GET /config/secrets.yml HTTP/1.1" 301 733 "-" "Mozilla/5.0 (Windows NT 10.0; Win64; x64) AppleWebKit/537.36 (KHTML, like Gecko) Chrome/120.0.0.0 Safari/537.36"
172.70.162.152 - - [27/Feb/2026:23:52:07 +0000] "GET /stripe/config.json HTTP/1.1" 301 4046 "-" "Mozilla/5.0 (Macintosh; Intel Mac OS X 10.15; rv:121.0) Gecko/20100101 Firefox/121.0"
141.101.98.173 - - [27/Feb/2026:23:52:08 +0000] "GET /client/stripe.config.js HTTP/1.1" 301 4056 "-" "Mozilla/5.0 (Macintosh; Intel Mac OS X 10_15_7) AppleWebKit/605.1.15 (KHTML, like Gecko) Version/17.2 Safari/605.1.15"
172.64.192.52 - - [27/Feb/2026:23:52:09 +0000] "GET /.env.prod HTTP/1.1" 301 715 "-" "Mozilla/5.0 (X11; Linux x86_64) AppleWebKit/537.36 (KHTML, like Gecko) Chrome/120.0.0.0 Safari/537.36"
172.70.162.152 - - [27/Feb/2026:23:52:09 +0000] "GET /stripe.env HTTP/1.1" 301 717 "-" "Mozilla/5.0 (Windows NT 10.0; Win64; x64; rv:121.0) Gecko/20100101 Firefox/121.0"
172.70.85.248 - - [27/Feb/2026:23:52:10 +0000] "GET /stripe.config.js HTTP/1.1" 301 4042 "-" "Mozilla/5.0 (Windows NT 10.0; Win64; x64) AppleWebKit/537.36 (KHTML, like Gecko) Chrome/120.0.0.0 Safari/537.36 Edg/120.0.0.0"
172.71.178.73 - - [27/Feb/2026:23:52:10 +0000] "GET /config/stripe.yaml HTTP/1.1" 301 733 "-" "Mozilla/5.0 (Macintosh; Intel Mac OS X 10_15_7) AppleWebKit/605.1.15 (KHTML, like Gecko) Version/17.2 Safari/605.1.15"
172.69.194.119 - - [27/Feb/2026:23:52:10 +0000] "GET /public/stripe.js HTTP/1.1" 301 4042 "-" "Mozilla/5.0 (Macintosh; Intel Mac OS X 10_15_7) AppleWebKit/605.1.15 (KHTML, like Gecko) Version/17.2 Safari/605.1.15"
172.70.162.152 - - [27/Feb/2026:23:52:10 +0000] "GET /payment/stripe.json HTTP/1.1" 301 735 "-" "Mozilla/5.0 (Windows NT 10.0; Win64; x64; rv:121.0) Gecko/20100101 Firefox/121.0"
141.101.99.215 - - [27/Feb/2026:23:52:13 +0000] "GET /register HTTP/1.1" 301 4026 "-" "Mozilla/5.0 (X11; Linux x86_64; rv:121.0) Gecko/20100101 Firefox/121.0"
162.158.216.53 - - [27/Feb/2026:23:52:13 +0000] "GET /webhooks/incoming/stripe.json HTTP/1.1" 301 4068 "-" "Mozilla/5.0 (Windows NT 10.0; Win64; x64) AppleWebKit/537.36 (KHTML, like Gecko) Chrome/121.0.0.0 Safari/537.36"
172.69.43.241 - - [27/Feb/2026:23:52:13 +0000] "GET /.env.test HTTP/1.1" 301 4028 "-" "Mozilla/5.0 (Macintosh; Intel Mac OS X 10.15; rv:121.0) Gecko/20100101 Firefox/121.0"
172.68.229.66 - - [27/Feb/2026:23:52:13 +0000] "GET /config/stripe.php HTTP/1.1" 301 4044 "-" "Mozilla/5.0 (Windows NT 10.0; Win64; x64) AppleWebKit/537.36 (KHTML, like Gecko) Chrome/120.0.0.0 Safari/537.36"
141.101.99.215 - - [27/Feb/2026:23:52:13 +0000] "GET /stripe-keys.json HTTP/1.1" 301 729 "-" "Mozilla/5.0 (X11; Linux x86_64; rv:121.0) Gecko/20100101 Firefox/121.0"
172.68.229.66 - - [27/Feb/2026:23:52:14 +0000] "GET /src/config/stripe.ts HTTP/1.1" 301 737 "-" "Mozilla/5.0 (Macintosh; Intel Mac OS X 10.15; rv:121.0) Gecko/20100101 Firefox/121.0"
141.101.99.215 - - [27/Feb/2026:23:52:14 +0000] "GET /stripe.json HTTP/1.1" 301 719 "-" "Mozilla/5.0 (Windows NT 10.0; Win64; x64) AppleWebKit/537.36 (KHTML, like Gecko) Chrome/121.0.0.0 Safari/537.36"
172.68.229.66 - - [27/Feb/2026:23:52:15 +0000] "GET /stripe-credentials.json HTTP/1.1" 301 743 "-" "Mozilla/5.0 (Windows NT 10.0; Win64; x64) AppleWebKit/537.36 (KHTML, like Gecko) Chrome/120.0.0.0 Safari/537.36 Edg/120.0.0.0"
172.64.192.52 - - [27/Feb/2026:23:52:17 +0000] "GET /stripe/webhook_secret.env HTTP/1.1" 301 4060 "-" "Mozilla/5.0 (Macintosh; Intel Mac OS X 10.15; rv:121.0) Gecko/20100101 Firefox/121.0"
162.158.216.53 - - [27/Feb/2026:23:52:17 +0000] "GET /stripe/.env HTTP/1.1" 301 719 "-" "Mozilla/5.0 (X11; Linux x86_64) AppleWebKit/537.36 (KHTML, like Gecko) Chrome/120.0.0.0 Safari/537.36"
172.69.224.53 - - [27/Feb/2026:23:52:17 +0000] "GET /config/stripe.json HTTP/1.1" 301 4046 "-" "Mozilla/5.0 (Windows NT 10.0; Win64; x64) AppleWebKit/537.36 (KHTML, like Gecko) Chrome/120.0.0.0 Safari/537.36"
141.101.99.215 - - [27/Feb/2026:23:52:17 +0000] "GET /plugins/payments/stripe.json HTTP/1.1" 301 753 "-" "Mozilla/5.0 (Windows NT 10.0; Win64; x64) AppleWebKit/537.36 (KHTML, like Gecko) Chrome/121.0.0.0 Safari/537.36"
172.69.224.53 - - [27/Feb/2026:23:52:18 +0000] "GET /config.json HTTP/1.1" 301 719 "-" "Mozilla/5.0 (Windows NT 10.0; Win64; x64) AppleWebKit/537.36 (KHTML, like Gecko) Chrome/121.0.0.0 Safari/537.36"
141.101.98.68 - - [27/Feb/2026:23:52:18 +0000] "GET /src/config/stripe.js HTTP/1.1" 301 4050 "-" "Mozilla/5.0 (Windows NT 10.0; Win64; x64) AppleWebKit/537.36 (KHTML, like Gecko) Chrome/121.0.0.0 Safari/537.36"
172.69.43.241 - - [27/Feb/2026:23:52:21 +0000] "GET /.well-known/stripe/ HTTP/1.1" 301 4048 "-" "Mozilla/5.0 (X11; Linux x86_64; rv:121.0) Gecko/20100101 Firefox/121.0"
141.101.99.216 - - [27/Feb/2026:23:52:23 +0000] "GET /.stripe/ HTTP/1.1" 301 4026 "-" "Mozilla/5.0 (Macintosh; Intel Mac OS X 10.15; rv:121.0) Gecko/20100101 Firefox/121.0"
162.158.216.53 - - [27/Feb/2026:23:52:29 +0000] "GET /payment_gateways/stripe.yaml HTTP/1.1" 301 4066 "-" "Mozilla/5.0 (Windows NT 10.0; Win64; x64) AppleWebKit/537.36 (KHTML, like Gecko) Chrome/120.0.0.0 Safari/537.36 Edg/120.0.0.0"
172.69.194.228 - - [28/Feb/2026:00:31:24 +0000] "GET /frontend/www-garage-automation-co-uk/img/logo/logo.png?v=1772144336 HTTP/1.1" 200 12330 "https://www.garage-automation.co.uk/" "Mozilla/5.0 (Windows NT 10.0; Win64; x64) AppleWebKit/537.36 (KHTML, like Gecko) Chrome/116.0.0.0 Safari/537.36"
172.69.194.100 - - [28/Feb/2026:01:17:06 +0000] "GET /frontend/www-garage-automation-co-uk/img/logo/logo.png?v=1771831563 HTTP/1.1" 200 12330 "https://www.garage-automation.co.uk/" "Mozilla/5.0 (Windows NT 10.0; Win64; x64) AppleWebKit/537.36 (KHTML, like Gecko) Chrome/109.0.0.0 Safari/537.36"
172.71.178.21 - - [28/Feb/2026:01:23:03 +0000] "GET /robots.txt HTTP/1.1" 301 4030 "-" "Mozilla/5.0 (Macintosh; Intel Mac OS X 10_15_7) AppleWebKit/537.36 (KHTML, like Gecko) Chrome/131.0.0.0 Safari/537.36; compatible; OAI-SearchBot/1.0; +https://openai.com/searchbot"
172.68.229.133 - - [28/Feb/2026:01:23:03 +0000] "GET /robots.txt HTTP/1.1" 200 3811 "-" "Mozilla/5.0 (Macintosh; Intel Mac OS X 10_15_7) AppleWebKit/537.36 (KHTML, like Gecko) Chrome/131.0.0.0 Safari/537.36; compatible; OAI-SearchBot/1.0; +https://openai.com/searchbot"
172.70.163.77 - - [28/Feb/2026:01:36:02 +0000] "GET //.env HTTP/1.1" 301 606 "-" "Go-http-client/1.1"
172.71.241.165 - - [28/Feb/2026:01:36:02 +0000] "GET /.env HTTP/1.1" 301 4018 "http://garage-automation.co.uk//.env" "Go-http-client/2.0"
172.68.229.98 - - [28/Feb/2026:01:36:03 +0000] "GET /.env HTTP/1.1" 404 6431 "https://garage-automation.co.uk/.env" "Go-http-client/2.0"
172.70.85.18 - - [28/Feb/2026:01:41:47 +0000] "GET /frontend/www-garage-automation-co-uk/img/logo/logo.png?v=1769592621 HTTP/1.1" 200 12330 "https://www.garage-automation.co.uk/" "Mozilla/5.0 (Windows NT 10.0; Win64; x64) AppleWebKit/537.36 (KHTML, like Gecko) Chrome/106.0.5249.119 Safari/537.36"
162.158.216.159 - - [28/Feb/2026:01:46:21 +0000] "GET /frontend/www-garage-automation-co-uk/img/logo/logo.png?v=1772147295 HTTP/1.1" 200 12330 "https://www.garage-automation.co.uk/" "Mozilla/5.0 (Windows NT 10.0; Win64; x64) AppleWebKit/537.36 (KHTML, like Gecko) Chrome/117.0.0.0 Safari/537.36"
172.68.229.67 - - [28/Feb/2026:01:55:52 +0000] "GET / HTTP/1.1" 301 598 "-" "Mozilla/5.0 (Windows NT 10.0; Win64; x64) AppleWebKit/537.36 (KHTML, like Gecko) Chrome/99.0.4844.51 Safari/537.36"
172.68.229.66 - - [28/Feb/2026:01:55:53 +0000] "GET / HTTP/1.1" 301 4010 "-" "Mozilla/5.0 (Windows NT 10.0; Win64; x64) AppleWebKit/537.36 (KHTML, like Gecko) Chrome/99.0.4844.51 Safari/537.36"
172.68.229.98 - - [28/Feb/2026:01:55:53 +0000] "GET / HTTP/1.1" 200 18355 "-" "Mozilla/5.0 (Windows NT 10.0; Win64; x64) AppleWebKit/537.36 (KHTML, like Gecko) Chrome/99.0.4844.51 Safari/537.36"
172.70.163.100 - - [28/Feb/2026:02:01:35 +0000] "GET /frontend/www-garage-automation-co-uk/img/logo/logo.png?v=1772147297 HTTP/1.1" 200 12330 "https://www.garage-automation.co.uk/" "Mozilla/5.0 (Windows NT 10.0; Win64; x64) AppleWebKit/537.36 (KHTML, like Gecko) Chrome/106.0.5249.119 Safari/537.36"
162.158.216.52 - - [28/Feb/2026:02:09:09 +0000] "GET / HTTP/1.1" 301 598 "-" "Mozilla/5.0 (Macintosh; Intel Mac OS X 10_15_7) AppleWebKit/605.1.15 (KHTML, like Gecko) Version/17.6 Safari/605.1.15"
141.101.99.216 - - [28/Feb/2026:02:09:09 +0000] "GET / HTTP/1.1" 301 4010 "http://garage-automation.co.uk/" "Mozilla/5.0 (Macintosh; Intel Mac OS X 10_15_7) AppleWebKit/605.1.15 (KHTML, like Gecko) Version/17.6 Safari/605.1.15"
172.71.178.141 - - [28/Feb/2026:02:09:10 +0000] "GET / HTTP/1.1" 200 18351 "https://garage-automation.co.uk/" "Mozilla/5.0 (Macintosh; Intel Mac OS X 10_15_7) AppleWebKit/605.1.15 (KHTML, like Gecko) Version/17.6 Safari/605.1.15"
172.68.186.172 - - [28/Feb/2026:02:24:09 +0000] "GET /tyres-size/265-70-16 HTTP/1.1" 200 19005 "-" "Mozilla/5.0 (Windows NT 10.0; Win64; x64) AppleWebKit/537.36 (KHTML, like Gecko) Chrome/131.0.0.0 Safari/537.36"
172.64.192.100 - - [28/Feb/2026:02:24:10 +0000] "GET /tyres-size/225-70-15 HTTP/1.1" 200 19306 "-" "Mozilla/5.0 (Windows NT 10.0; Win64; x64) AppleWebKit/537.36 (KHTML, like Gecko) Chrome/103.0.0.0 Safari/537.36"
172.69.224.15 - - [28/Feb/2026:02:24:12 +0000] "GET /frontend/themes/default/css/style.css?v=1772245449 HTTP/1.1" 200 51922 "https://www.garage-automation.co.uk/tyres-size/265-70-16" "Mozilla/5.0 (Windows NT 10.0; Win64; x64) AppleWebKit/537.36 (KHTML, like Gecko) Chrome/131.0.0.0 Safari/537.36"
172.68.229.98 - - [28/Feb/2026:02:24:13 +0000] "GET /tyres-size/205-50-19 HTTP/1.1" 200 17562 "-" "Mozilla/5.0 (Windows NT 10.0; Win64; x64) AppleWebKit/537.36 (KHTML, like Gecko) Chrome/111.0.0.0 Safari/537.36"
172.71.178.159 - - [28/Feb/2026:02:24:16 +0000] "GET /frontend/www-garage-automation-co-uk/css/custom.css?v=1772245449 HTTP/1.1" 200 4627 "https://www.garage-automation.co.uk/tyres-size/265-70-16" "Mozilla/5.0 (Windows NT 10.0; Win64; x64) AppleWebKit/537.36 (KHTML, like Gecko) Chrome/131.0.0.0 Safari/537.36"
172.71.178.36 - - [28/Feb/2026:02:24:19 +0000] "GET /frontend/themes/default/js/main.js?v=1772245449 HTTP/1.1" 200 13983 "https://www.garage-automation.co.uk/tyres-size/265-70-16" "Mozilla/5.0 (Windows NT 10.0; Win64; x64) AppleWebKit/537.36 (KHTML, like Gecko) Chrome/131.0.0.0 Safari/537.36"
172.68.186.172 - - [28/Feb/2026:02:24:21 +0000] "GET /tyres-size/275-40-18 HTTP/1.1" 200 19134 "-" "Mozilla/5.0 (Windows NT 10.0; Win64; x64) AppleWebKit/537.36 (KHTML, like Gecko) Chrome/105.0.0.0 Safari/537.3"
172.70.163.73 - - [28/Feb/2026:02:24:23 +0000] "GET /getWetGripOptions HTTP/1.1" 200 4341 "https://www.garage-automation.co.uk/tyres-size/265-70-16" "Mozilla/5.0 (Windows NT 10.0; Win64; x64) AppleWebKit/537.36 (KHTML, like Gecko) Chrome/131.0.0.0 Safari/537.36"
162.158.216.101 - - [28/Feb/2026:02:24:24 +0000] "GET /loadIndexOptions HTTP/1.1" 200 5078 "https://www.garage-automation.co.uk/tyres-size/265-70-16" "Mozilla/5.0 (Windows NT 10.0; Win64; x64) AppleWebKit/537.36 (KHTML, like Gecko) Chrome/131.0.0.0 Safari/537.36"
172.69.43.156 - - [28/Feb/2026:02:24:24 +0000] "GET /getFuelEfficiencyOptions HTTP/1.1" 200 4345 "https://www.garage-automation.co.uk/tyres-size/265-70-16" "Mozilla/5.0 (Windows NT 10.0; Win64; x64) AppleWebKit/537.36 (KHTML, like Gecko) Chrome/131.0.0.0 Safari/537.36"
162.158.216.101 - - [28/Feb/2026:02:24:24 +0000] "GET /getTyreBrandOptions HTTP/1.1" 200 2183 "https://www.garage-automation.co.uk/tyres-size/265-70-16" "Mozilla/5.0 (Windows NT 10.0; Win64; x64) AppleWebKit/537.36 (KHTML, like Gecko) Chrome/131.0.0.0 Safari/537.36"
172.69.43.156 - - [28/Feb/2026:02:24:24 +0000] "GET /getSeasonOptions HTTP/1.1" 200 1017 "https://www.garage-automation.co.uk/tyres-size/265-70-16" "Mozilla/5.0 (Windows NT 10.0; Win64; x64) AppleWebKit/537.36 (KHTML, like Gecko) Chrome/131.0.0.0 Safari/537.36"
172.69.43.156 - - [28/Feb/2026:02:24:25 +0000] "GET /getSpeedIndexOptions HTTP/1.1" 200 4361 "https://www.garage-automation.co.uk/tyres-size/265-70-16" "Mozilla/5.0 (Windows NT 10.0; Win64; x64) AppleWebKit/537.36 (KHTML, like Gecko) Chrome/131.0.0.0 Safari/537.36"
172.71.241.27 - - [28/Feb/2026:02:24:25 +0000] "GET /getVehicleTypeOptions HTTP/1.1" 200 4339 "https://www.garage-automation.co.uk/tyres-size/265-70-16" "Mozilla/5.0 (Windows NT 10.0; Win64; x64) AppleWebKit/537.36 (KHTML, like Gecko) Chrome/131.0.0.0 Safari/537.36"
172.68.229.99 - - [28/Feb/2026:02:24:25 +0000] "GET /getNoiseLevelOptions HTTP/1.1" 200 4396 "https://www.garage-automation.co.uk/tyres-size/265-70-16" "Mozilla/5.0 (Windows NT 10.0; Win64; x64) AppleWebKit/537.36 (KHTML, like Gecko) Chrome/131.0.0.0 Safari/537.36"
141.101.99.125 - - [28/Feb/2026:02:24:25 +0000] "GET /tyres-size/205-50-19 HTTP/1.1" 200 17568 "-" "Mozilla/5.0 (Windows NT 10.0; Win64; x64) AppleWebKit/537.36 (KHTML, like Gecko) Chrome/116.0.0.0 Safari/537.36"
172.71.241.27 - - [28/Feb/2026:02:24:26 +0000] "GET /tyres-size/265-70-16 HTTP/1.1" 200 15665 "-" "Mozilla/5.0 (Windows NT 10.0; Win64; x64) AppleWebKit/537.36 (KHTML, like Gecko) Chrome/107.0.0.0 Safari/537.36"
172.69.194.131 - - [28/Feb/2026:02:31:57 +0000] "GET /frontend/www-garage-automation-co-uk/img/logo/logo.png?v=1772151525 HTTP/1.1" 200 12330 "https://www.garage-automation.co.uk/" "Mozilla/5.0 (Windows NT 10.0; Win64; x64) AppleWebKit/537.36 (KHTML, like Gecko) Chrome/107.0.0.0 Safari/537.36"
172.70.160.179 - - [28/Feb/2026:03:10:27 +0000] "GET /frontend/www-garage-automation-co-uk/img/logo/logo.png?v=1770967842 HTTP/1.1" 200 12330 "https://www.garage-automation.co.uk/" "Mozilla/5.0 (Windows NT 10.0; Win64; x64) AppleWebKit/537.36 (KHTML, like Gecko) Chrome/131.0.0.0 Safari/537.36"
172.68.229.33 - - [28/Feb/2026:03:19:48 +0000] "GET /frontend/www-garage-automation-co-uk/img/logo/logo.png?v=1769592164 HTTP/1.1" 200 12330 "https://www.garage-automation.co.uk/" "Mozilla/5.0 (Windows NT 10.0; Win64; x64) AppleWebKit/537.36 (KHTML, like Gecko) Chrome/109.0.0.0 Safari/537.36"
